Component: ARM Compiler 5.06 update 1 (build 61) Tool: armlink [4d35a8]

==============================================================================

Section Cross References

    startup_stm32f030.o(STACK) refers (Special) to heapauxi.o(.text) for __use_two_region_memory
    startup_stm32f030.o(HEAP) refers (Special) to heapauxi.o(.text) for __use_two_region_memory
    startup_stm32f030.o(RESET) refers (Special) to heapauxi.o(.text) for __use_two_region_memory
    startup_stm32f030.o(RESET) refers to startup_stm32f030.o(STACK) for __initial_sp
    startup_stm32f030.o(RESET) refers to startup_stm32f030.o(.text) for Reset_Handler
    startup_stm32f030.o(RESET) refers to mbport.o(i.TIM16_IRQHandler) for TIM16_IRQHandler
    startup_stm32f030.o(RESET) refers to metronome.o(i.TIM17_IRQHandler) for TIM17_IRQHandler
    startup_stm32f030.o(RESET) refers to mbport.o(i.USART1_IRQHandler) for USART1_IRQHandler
    startup_stm32f030.o(.text) refers (Special) to heapauxi.o(.text) for __use_two_region_memory
    startup_stm32f030.o(.text) refers to startup_stm32f030.o(STACK) for __initial_sp
    startup_stm32f030.o(.text) refers to user.o(i.SystemInit) for SystemInit
    startup_stm32f030.o(.text) refers to __main.o(!!!main) for __main
    startup_stm32f030.o(.text) refers to startup_stm32f030.o(HEAP) for Heap_Mem
    mbcrc.o(i.getCRC16) refers to mbcrc.o(.constdata) for .constdata
    mb.o(i.Modbus_03_Solve) refers to user.o(i.mbRegHolding) for mbRegHolding
    mb.o(i.Modbus_03_Solve) refers to mbcrc.o(i.getCRC16) for getCRC16
    mb.o(i.Modbus_03_Solve) refers to mbport.o(i.mb_SendData) for mb_SendData
    mb.o(i.Modbus_03_Solve) refers to mb.o(.bss) for .bss
    mb.o(i.Modbus_03_Solve) refers to mb.o(.data) for .data
    mb.o(i.Modbus_06_Solve) refers to user.o(i.mbRegHolding) for mbRegHolding
    mb.o(i.Modbus_06_Solve) refers to mbcrc.o(i.getCRC16) for getCRC16
    mb.o(i.Modbus_06_Solve) refers to mbport.o(i.mb_SendData) for mb_SendData
    mb.o(i.Modbus_06_Solve) refers to mb.o(.data) for .data
    mb.o(i.Modbus_06_Solve) refers to mb.o(.bss) for .bss
    mb.o(i.Modbus_16_Solve) refers to user.o(i.mbRegHolding) for mbRegHolding
    mb.o(i.Modbus_16_Solve) refers to mbcrc.o(i.getCRC16) for getCRC16
    mb.o(i.Modbus_16_Solve) refers to mbport.o(i.mb_SendData) for mb_SendData
    mb.o(i.Modbus_16_Solve) refers to mb.o(.bss) for .bss
    mb.o(i.Modbus_16_Solve) refers to mb.o(.data) for .data
    mb.o(i.mbRcvComplete) refers to mb.o(.data) for .data
    mb.o(i.mbRcvProcess) refers to mbport.o(i.mb_receiveData) for mb_receiveData
    mb.o(i.mbRcvProcess) refers to mb.o(.data) for .data
    mb.o(i.mbRcvProcess) refers to mb.o(.bss) for .bss
    mb.o(i.mb_Service) refers to mbcrc.o(i.getCRC16) for getCRC16
    mb.o(i.mb_Service) refers to mb.o(i.Modbus_03_Solve) for Modbus_03_Solve
    mb.o(i.mb_Service) refers to mb.o(i.Modbus_06_Solve) for Modbus_06_Solve
    mb.o(i.mb_Service) refers to mb.o(i.Modbus_16_Solve) for Modbus_16_Solve
    mb.o(i.mb_Service) refers to mbport.o(i.mb_SendData) for mb_SendData
    mb.o(i.mb_Service) refers to mb.o(.data) for .data
    mb.o(i.mb_Service) refers to mb.o(.bss) for .bss
    mb.o(i.setMBAddr) refers to mb.o(.data) for .data
    mbport.o(i.TIM16_IRQHandler) refers to stm32f0xx_tim.o(i.TIM_GetITStatus) for TIM_GetITStatus
    mbport.o(i.TIM16_IRQHandler) refers to stm32f0xx_tim.o(i.TIM_ClearITPendingBit) for TIM_ClearITPendingBit
    mbport.o(i.TIM16_IRQHandler) refers to stm32f0xx_tim.o(i.TIM_Cmd) for TIM_Cmd
    mbport.o(i.TIM16_IRQHandler) refers to mb.o(i.mbRcvComplete) for mbRcvComplete
    mbport.o(i.USART1_IRQHandler) refers to stm32f0xx_usart.o(i.USART_GetITStatus) for USART_GetITStatus
    mbport.o(i.USART1_IRQHandler) refers to stm32f0xx_usart.o(i.USART_ClearITPendingBit) for USART_ClearITPendingBit
    mbport.o(i.USART1_IRQHandler) refers to mb.o(i.mbRcvProcess) for mbRcvProcess
    mbport.o(i.USART1_IRQHandler) refers to stm32f0xx_tim.o(i.TIM_ClearITPendingBit) for TIM_ClearITPendingBit
    mbport.o(i.USART1_IRQHandler) refers to stm32f0xx_tim.o(i.TIM_SetCounter) for TIM_SetCounter
    mbport.o(i.USART1_IRQHandler) refers to stm32f0xx_tim.o(i.TIM_Cmd) for TIM_Cmd
    mbport.o(i.mb_SendData) refers to stm32f0xx_usart.o(i.USART_GetFlagStatus) for USART_GetFlagStatus
    mbport.o(i.mb_SendData) refers to stm32f0xx_usart.o(i.USART_SendData) for USART_SendData
    mbport.o(i.mb_SendData) refers to mbport.o(.data) for .data
    mbport.o(i.mb_TIM16_cfg) refers to stm32f0xx_tim.o(i.TIM_TimeBaseInit) for TIM_TimeBaseInit
    mbport.o(i.mb_TIM16_cfg) refers to stm32f0xx_tim.o(i.TIM_ARRPreloadConfig) for TIM_ARRPreloadConfig
    mbport.o(i.mb_TIM16_cfg) refers to stm32f0xx_tim.o(i.TIM_ITConfig) for TIM_ITConfig
    mbport.o(i.mb_TIM16_cfg) refers to mbport.o(.bss) for .bss
    mbport.o(i.mb_USART_cfg) refers to stm32f0xx_usart.o(i.USART_Init) for USART_Init
    mbport.o(i.mb_USART_cfg) refers to stm32f0xx_usart.o(i.USART_ITConfig) for USART_ITConfig
[...]
    Removing stm32f0xx_tim.o(i.TIM_OC1PreloadConfig), (12 bytes).
    Removing stm32f0xx_tim.o(i.TIM_OC2FastConfig), (20 bytes).
    Removing stm32f0xx_tim.o(i.TIM_OC2Init), (144 bytes).
    Removing stm32f0xx_tim.o(i.TIM_OC2NPolarityConfig), (14 bytes).
    Removing stm32f0xx_tim.o(i.TIM_OC2PolarityConfig), (14 bytes).
    Removing stm32f0xx_tim.o(i.TIM_OC2PreloadConfig), (20 bytes).
    Removing stm32f0xx_tim.o(i.TIM_OC3FastConfig), (12 bytes).
    Removing stm32f0xx_tim.o(i.TIM_OC3Init), (136 bytes).
    Removing stm32f0xx_tim.o(i.TIM_OC3NPolarityConfig), (20 bytes).
    Removing stm32f0xx_tim.o(i.TIM_OC3PolarityConfig), (20 bytes).
    Removing stm32f0xx_tim.o(i.TIM_OC3PreloadConfig), (12 bytes).
    Removing stm32f0xx_tim.o(i.TIM_OC4FastConfig), (20 bytes).
    Removing stm32f0xx_tim.o(i.TIM_OC4Init), (100 bytes).
    Removing stm32f0xx_tim.o(i.TIM_OC4PolarityConfig), (20 bytes).
    Removing stm32f0xx_tim.o(i.TIM_OC4PreloadConfig), (20 bytes).
    Removing stm32f0xx_tim.o(i.TIM_OCStructInit), (20 bytes).
    Removing stm32f0xx_tim.o(i.TIM_PWMIConfig), (104 bytes).
    Removing stm32f0xx_tim.o(i.TIM_PrescalerConfig), (6 bytes).
    Removing stm32f0xx_tim.o(i.TIM_RemapConfig), (6 bytes).
    Removing stm32f0xx_tim.o(i.TIM_SelectCCDMA), (18 bytes).
    Removing stm32f0xx_tim.o(i.TIM_SelectCOM), (18 bytes).
    Removing stm32f0xx_tim.o(i.TIM_SelectHallSensor), (18 bytes).
    Removing stm32f0xx_tim.o(i.TIM_SelectInputTrigger), (12 bytes).
    Removing stm32f0xx_tim.o(i.TIM_SelectMasterSlaveMode), (16 bytes).
    Removing stm32f0xx_tim.o(i.TIM_SelectOCREFClear), (16 bytes).
    Removing stm32f0xx_tim.o(i.TIM_SelectOCxM), (70 bytes).
    Removing stm32f0xx_tim.o(i.TIM_SelectOnePulseMode), (16 bytes).
    Removing stm32f0xx_tim.o(i.TIM_SelectOutputTrigger), (16 bytes).
    Removing stm32f0xx_tim.o(i.TIM_SelectSlaveMode), (16 bytes).
    Removing stm32f0xx_tim.o(i.TIM_SetAutoreload), (4 bytes).
    Removing stm32f0xx_tim.o(i.TIM_SetClockDivision), (20 bytes).
    Removing stm32f0xx_tim.o(i.TIM_SetCompare1), (4 bytes).
    Removing stm32f0xx_tim.o(i.TIM_SetCompare2), (4 bytes).
    Removing stm32f0xx_tim.o(i.TIM_SetCompare3), (4 bytes).
    Removing stm32f0xx_tim.o(i.TIM_SetCompare4), (4 bytes).
    Removing stm32f0xx_tim.o(i.TIM_SetIC1Prescaler), (16 bytes).
    Removing stm32f0xx_tim.o(i.TIM_SetIC2Prescaler), (24 bytes).
    Removing stm32f0xx_tim.o(i.TIM_SetIC3Prescaler), (16 bytes).
    Removing stm32f0xx_tim.o(i.TIM_SetIC4Prescaler), (24 bytes).
    Removing stm32f0xx_tim.o(i.TIM_TIxExternalClockConfig), (48 bytes).
    Removing stm32f0xx_tim.o(i.TIM_TimeBaseStructInit), (18 bytes).
    Removing stm32f0xx_tim.o(i.TIM_UpdateDisableConfig), (18 bytes).
    Removing stm32f0xx_tim.o(i.TIM_UpdateRequestConfig), (18 bytes).
    Removing stm32f0xx_usart.o(.rev16_text), (4 bytes).
    Removing stm32f0xx_usart.o(.revsh_text), (4 bytes).
    Removing stm32f0xx_usart.o(i.USART_AddressDetectionConfig), (16 bytes).
    Removing stm32f0xx_usart.o(i.USART_AutoBaudRateCmd), (20 bytes).
    Removing stm32f0xx_usart.o(i.USART_AutoBaudRateConfig), (18 bytes).
    Removing stm32f0xx_usart.o(i.USART_ClockInit), (28 bytes).
    Removing stm32f0xx_usart.o(i.USART_ClockStructInit), (12 bytes).
    Removing stm32f0xx_usart.o(i.USART_DECmd), (20 bytes).
    Removing stm32f0xx_usart.o(i.USART_DEPolarityConfig), (18 bytes).
    Removing stm32f0xx_usart.o(i.USART_DMACmd), (16 bytes).
    Removing stm32f0xx_usart.o(i.USART_DMAReceptionErrorConfig), (18 bytes).
    Removing stm32f0xx_usart.o(i.USART_DataInvCmd), (20 bytes).
    Removing stm32f0xx_usart.o(i.USART_DeInit), (184 bytes).
    Removing stm32f0xx_usart.o(i.USART_DirectionModeCmd), (16 bytes).
    Removing stm32f0xx_usart.o(i.USART_HalfDuplexCmd), (18 bytes).
    Removing stm32f0xx_usart.o(i.USART_InvPinCmd), (16 bytes).
    Removing stm32f0xx_usart.o(i.USART_IrDACmd), (18 bytes).
    Removing stm32f0xx_usart.o(i.USART_IrDAConfig), (16 bytes).
    Removing stm32f0xx_usart.o(i.USART_LINBreakDetectLengthConfig), (16 bytes).
    Removing stm32f0xx_usart.o(i.USART_LINCmd), (20 bytes).
    Removing stm32f0xx_usart.o(i.USART_MSBFirstCmd), (20 bytes).
    Removing stm32f0xx_usart.o(i.USART_MuteModeCmd), (20 bytes).
    Removing stm32f0xx_usart.o(i.USART_MuteModeWakeUpConfig), (18 bytes).
    Removing stm32f0xx_usart.o(i.USART_OneBitMethodCmd), (20 bytes).
    Removing stm32f0xx_usart.o(i.USART_OverSampling8Cmd), (20 bytes).
    Removing stm32f0xx_usart.o(i.USART_OverrunDetectionConfig), (18 bytes).
    Removing stm32f0xx_usart.o(i.USART_ReceiverTimeOutCmd), (20 bytes).
    Removing stm32f0xx_usart.o(i.USART_RequestCmd), (16 bytes).
    Removing stm32f0xx_usart.o(i.USART_STOPModeCmd), (18 bytes).
    Removing stm32f0xx_usart.o(i.USART_SWAPPinCmd), (20 bytes).
    Removing stm32f0xx_usart.o(i.USART_SetAddress), (18 bytes).
    Removing stm32f0xx_usart.o(i.USART_SetAutoRetryCount), (20 bytes).
    Removing stm32f0xx_usart.o(i.USART_SetBlockLength), (18 bytes).
    Removing stm32f0xx_usart.o(i.USART_SetDEAssertionTime), (20 bytes).
    Removing stm32f0xx_usart.o(i.USART_SetDEDeassertionTime), (20 bytes).
    Removing stm32f0xx_usart.o(i.USART_SetGuardTime), (16 bytes).
    Removing stm32f0xx_usart.o(i.USART_SetPrescaler), (16 bytes).
    Removing stm32f0xx_usart.o(i.USART_SetReceiverTimeOut), (16 bytes).
    Removing stm32f0xx_usart.o(i.USART_SmartCardCmd), (18 bytes).
    Removing stm32f0xx_usart.o(i.USART_SmartCardNACKCmd), (18 bytes).
    Removing stm32f0xx_usart.o(i.USART_StopModeWakeUpSourceConfig), (18 bytes).
    Removing stm32f0xx_usart.o(i.USART_StructInit), (22 bytes).
    Removing stm32f0xx_wwdg.o(.rev16_text), (4 bytes).
    Removing stm32f0xx_wwdg.o(.revsh_text), (4 bytes).
    Removing stm32f0xx_wwdg.o(i.WWDG_ClearFlag), (12 bytes).
    Removing stm32f0xx_wwdg.o(i.WWDG_DeInit), (22 bytes).
    Removing stm32f0xx_wwdg.o(i.WWDG_Enable), (16 bytes).
    Removing stm32f0xx_wwdg.o(i.WWDG_EnableIT), (16 bytes).
    Removing stm32f0xx_wwdg.o(i.WWDG_GetFlagStatus), (20 bytes).
    Removing stm32f0xx_wwdg.o(i.WWDG_SetCounter), (16 bytes).
    Removing stm32f0xx_wwdg.o(i.WWDG_SetPrescaler), (20 bytes).
    Removing stm32f0xx_wwdg.o(i.WWDG_SetWindowValue), (28 bytes).
    Removing sht3x.o(i.__ARM_common_switch8), (26 bytes).

602 unused section(s) (total 17559 bytes) removed from the image.

==============================================================================

Image Symbol Table

    Local Symbols

    Symbol Name                              Value     Ov Type        Size  Object(Section)

    ../clib/angel/boardlib.s                 0x00000000   Number         0  boardshut.o ABSOLUTE
    ../clib/angel/boardlib.s                 0x00000000   Number         0  boardinit2.o ABSOLUTE
    ../clib/angel/boardlib.s                 0x00000000   Number         0  boardinit1.o ABSOLUTE
    ../clib/angel/boardlib.s                 0x00000000   Number         0  boardinit3.o ABSOLUTE
    ../clib/angel/handlers.s                 0x00000000   Number         0  __scatter_zi.o ABSOLUTE
    ../clib/angel/handlers.s                 0x00000000   Number         0  __scatter_copy.o ABSOLUTE
    ../clib/angel/kernel.s                   0x00000000   Number         0  __rtentry.o ABSOLUTE
    ../clib/angel/kernel.s                   0x00000000   Number         0  rtexit.o ABSOLUTE
    ../clib/angel/kernel.s                   0x00000000   Number         0  rtexit2.o ABSOLUTE
    ../clib/angel/kernel.s                   0x00000000   Number         0  __rtentry4.o ABSOLUTE
    ../clib/angel/kernel.s                   0x00000000   Number         0  __rtentry2.o ABSOLUTE
    ../clib/angel/rt.s                       0x00000000   Number         0  aeabi_idiv0_sigfpe.o ABSOLUTE
    ../clib/angel/rt.s                       0x00000000   Number         0  rt_div0.o ABSOLUTE
    ../clib/angel/rt.s                       0x00000000   Number         0  rt_raise.o ABSOLUTE
    ../clib/angel/rt.s                       0x00000000   Number         0  aeabi_idiv0.o ABSOLUTE
    ../clib/angel/scatterp.s                 0x00000000   Number         0  __scatter.o ABSOLUTE
    ../clib/angel/startup.s                  0x00000000   Number         0  __main.o ABSOLUTE
    ../clib/angel/sys.s                      0x00000000   Number         0  sys_stackheap_outer.o ABSOLUTE
    ../clib/angel/sys.s                      0x00000000   Number         0  tempstk.o ABSOLUTE
    ../clib/angel/sys.s                      0x00000000   Number         0  use_no_semi.o ABSOLUTE
    ../clib/angel/sys.s                      0x00000000   Number         0  indicate_semi.o ABSOLUTE
    ../clib/angel/sys.s                      0x00000000   Number         0  libspace.o ABSOLUTE
    ../clib/angel/sysapp.c                   0x00000000   Number         0  sys_exit.o ABSOLUTE
    ../clib/angel/sysapp.c                   0x00000000   Number         0  sys_command.o ABSOLUTE
    ../clib/angel/sysapp.c                   0x00000000   Number         0  sys_wrch.o ABSOLUTE
    ../clib/armsys.c                         0x00000000   Number         0  argv_veneer.o ABSOLUTE
    ../clib/armsys.c                         0x00000000   Number         0  _get_argv_nomalloc.o ABSOLUTE
    ../clib/armsys.c                         0x00000000   Number         0  no_argv.o ABSOLUTE
    ../clib/division.s                       0x00000000   Number         0  aeabi_sdiv.o ABSOLUTE
    ../clib/division.s                       0x00000000   Number         0  aeabi_sdiv_div0.o ABSOLUTE
    ../clib/heapalloc.c                      0x00000000   Number         0  hrguard.o ABSOLUTE
    ../clib/heapaux.c                        0x00000000   Number         0  heapauxi.o ABSOLUTE
    ../clib/libinit.s                        0x00000000   Number         0  libshutdown2.o ABSOLUTE
    ../clib/libinit.s                        0x00000000   Number         0  libinit2.o ABSOLUTE
    ../clib/libinit.s                        0x00000000   Number         0  libinit.o ABSOLUTE
    ../clib/libinit.s                        0x00000000   Number         0  libshutdown.o ABSOLUTE
    ../clib/signal.c                         0x00000000   Number         0  defsig_fpe_inner.o ABSOLUTE
    ../clib/signal.c                         0x00000000   Number         0  __raise.o ABSOLUTE
    ../clib/signal.c                         0x00000000   Number         0  defsig_general.o ABSOLUTE
    ../clib/signal.c                         0x00000000   Number         0  defsig_other.o ABSOLUTE
    ../clib/signal.c                         0x00000000   Number         0  defsig_segv_inner.o ABSOLUTE
    ../clib/signal.c                         0x00000000   Number         0  defsig_fpe_formal.o ABSOLUTE
    ../clib/signal.c                         0x00000000   Number         0  defsig_cppl_inner.o ABSOLUTE
    ../clib/signal.c                         0x00000000   Number         0  defsig_pvfn_inner.o ABSOLUTE
    ../clib/signal.c                         0x00000000   Number         0  defsig_rtmem_formal.o ABSOLUTE
    ../clib/signal.c                         0x00000000   Number         0  defsig_fpe_outer.o ABSOLUTE
    ../clib/signal.c                         0x00000000   Number         0  defsig_exit.o ABSOLUTE
    ../clib/signal.c                         0x00000000   Number         0  defsig_rtmem_outer.o ABSOLUTE
    ../clib/signal.c                         0x00000000   Number         0  defsig_rtmem_inner.o ABSOLUTE
    ../clib/signal.c                         0x00000000   Number         0  defsig_rtred_inner.o ABSOLUTE
    ../clib/signal.c                         0x00000000   Number         0  defsig_abrt_inner.o ABSOLUTE
    ../clib/signal.c                         0x00000000   Number         0  defsig_stak_inner.o ABSOLUTE
    ../clib/signal.s                         0x00000000   Number         0  defsig.o ABSOLUTE
    ../clib/stdlib.c                         0x00000000   Number         0  exit.o ABSOLUTE
    ../clib/unhosted.c                       0x00000000   Number         0  uread4.o ABSOLUTE
    ../fplib/cfplib/fdiv.c                   0x00000000   Number         0  fdiv.o ABSOLUTE
    ../fplib/cfplib/ffix.c                   0x00000000   Number         0  ffixui.o ABSOLUTE
    ../fplib/cfplib/ffix.c                   0x00000000   Number         0  ffixi.o ABSOLUTE
    ../fplib/cfplib/fflt.c                   0x00000000   Number         0  fflti.o ABSOLUTE
    ../fplib/cfplib/fpinit.c                 0x00000000   Number         0  fpinit.o ABSOLUTE
    ../fplib/faddsub6m.s                     0x00000000   Number         0  faddsub.o ABSOLUTE
    ../fplib/fmul6m.s                        0x00000000   Number         0  fmul.o ABSOLUTE
    ../fplib/usenofp.s                       0x00000000   Number         0  usenofp.o ABSOLUTE
    ..\STM32F0xx_StdPeriph_Lib_V1.5.0\Libraries\CMSIS\Device\ST\STM32F0xx\Source\Templates\arm\startup_stm32f030.s 0x00000000   Number         0  startup_stm32f030.o ABSOLUTE
    ..\STM32F0xx_StdPeriph_Lib_V1.5.0\Libraries\STM32F0xx_StdPeriph_Driver\src\stm32f0xx_adc.c 0x00000000   Number         0  stm32f0xx_adc.o ABSOLUTE
    ..\STM32F0xx_StdPeriph_Lib_V1.5.0\Libraries\STM32F0xx_StdPeriph_Driver\src\stm32f0xx_can.c 0x00000000   Number         0  stm32f0xx_can.o ABSOLUTE
    ..\STM32F0xx_StdPeriph_Lib_V1.5.0\Libraries\STM32F0xx_StdPeriph_Driver\src\stm32f0xx_cec.c 0x00000000   Number         0  stm32f0xx_cec.o ABSOLUTE
    ..\STM32F0xx_StdPeriph_Lib_V1.5.0\Libraries\STM32F0xx_StdPeriph_Driver\src\stm32f0xx_comp.c 0x00000000   Number         0  stm32f0xx_comp.o ABSOLUTE
    ..\STM32F0xx_StdPeriph_Lib_V1.5.0\Libraries\STM32F0xx_StdPeriph_Driver\src\stm32f0xx_crc.c 0x00000000   Number         0  stm32f0xx_crc.o ABSOLUTE
    ..\STM32F0xx_StdPeriph_Lib_V1.5.0\Libraries\STM32F0xx_StdPeriph_Driver\src\stm32f0xx_crs.c 0x00000000   Number         0  stm32f0xx_crs.o ABSOLUTE
    ..\STM32F0xx_StdPeriph_Lib_V1.5.0\Libraries\STM32F0xx_StdPeriph_Driver\src\stm32f0xx_dac.c 0x00000000   Number         0  stm32f0xx_dac.o ABSOLUTE
    ..\STM32F0xx_StdPeriph_Lib_V1.5.0\Libraries\STM32F0xx_StdPeriph_Driver\src\stm32f0xx_dbgmcu.c 0x00000000   Number         0  stm32f0xx_dbgmcu.o ABSOLUTE
    ..\STM32F0xx_StdPeriph_Lib_V1.5.0\Libraries\STM32F0xx_StdPeriph_Driver\src\stm32f0xx_dma.c 0x00000000   Number         0  stm32f0xx_dma.o ABSOLUTE
    ..\STM32F0xx_StdPeriph_Lib_V1.5.0\Libraries\STM32F0xx_StdPeriph_Driver\src\stm32f0xx_exti.c 0x00000000   Number         0  stm32f0xx_exti.o ABSOLUTE
    ..\STM32F0xx_StdPeriph_Lib_V1.5.0\Libraries\STM32F0xx_StdPeriph_Driver\src\stm32f0xx_flash.c 0x00000000   Number         0  stm32f0xx_flash.o ABSOLUTE
    ..\STM32F0xx_StdPeriph_Lib_V1.5.0\Libraries\STM32F0xx_StdPeriph_Driver\src\stm32f0xx_gpio.c 0x00000000   Number         0  stm32f0xx_gpio.o ABSOLUTE
    ..\STM32F0xx_StdPeriph_Lib_V1.5.0\Libraries\STM32F0xx_StdPeriph_Driver\src\stm32f0xx_i2c.c 0x00000000   Number         0  stm32f0xx_i2c.o ABSOLUTE
    ..\STM32F0xx_StdPeriph_Lib_V1.5.0\Libraries\STM32F0xx_StdPeriph_Driver\src\stm32f0xx_iwdg.c 0x00000000   Number         0  stm32f0xx_iwdg.o ABSOLUTE
    ..\STM32F0xx_StdPeriph_Lib_V1.5.0\Libraries\STM32F0xx_StdPeriph_Driver\src\stm32f0xx_misc.c 0x00000000   Number         0  stm32f0xx_misc.o ABSOLUTE
    ..\STM32F0xx_StdPeriph_Lib_V1.5.0\Libraries\STM32F0xx_StdPeriph_Driver\src\stm32f0xx_pwr.c 0x00000000   Number         0  stm32f0xx_pwr.o ABSOLUTE
    ..\STM32F0xx_StdPeriph_Lib_V1.5.0\Libraries\STM32F0xx_StdPeriph_Driver\src\stm32f0xx_rcc.c 0x00000000   Number         0  stm32f0xx_rcc.o ABSOLUTE
    ..\STM32F0xx_StdPeriph_Lib_V1.5.0\Libraries\STM32F0xx_StdPeriph_Driver\src\stm32f0xx_rtc.c 0x00000000   Number         0  stm32f0xx_rtc.o ABSOLUTE
    ..\STM32F0xx_StdPeriph_Lib_V1.5.0\Libraries\STM32F0xx_StdPeriph_Driver\src\stm32f0xx_spi.c 0x00000000   Number         0  stm32f0xx_spi.o ABSOLUTE
    ..\STM32F0xx_StdPeriph_Lib_V1.5.0\Libraries\STM32F0xx_StdPeriph_Driver\src\stm32f0xx_syscfg.c 0x00000000   Number         0  stm32f0xx_syscfg.o ABSOLUTE
    ..\STM32F0xx_StdPeriph_Lib_V1.5.0\Libraries\STM32F0xx_StdPeriph_Driver\src\stm32f0xx_tim.c 0x00000000   Number         0  stm32f0xx_tim.o ABSOLUTE
    ..\STM32F0xx_StdPeriph_Lib_V1.5.0\Libraries\STM32F0xx_StdPeriph_Driver\src\stm32f0xx_usart.c 0x00000000   Number         0  stm32f0xx_usart.o ABSOLUTE
    ..\STM32F0xx_StdPeriph_Lib_V1.5.0\Libraries\STM32F0xx_StdPeriph_Driver\src\stm32f0xx_wwdg.c 0x00000000   Number         0  stm32f0xx_wwdg.o ABSOLUTE
    ..\\STM32F0xx_StdPeriph_Lib_V1.5.0\\Libraries\\STM32F0xx_StdPeriph_Driver\\src\\stm32f0xx_adc.c 0x00000000   Number         0  stm32f0xx_adc.o ABSOLUTE
    ..\\STM32F0xx_StdPeriph_Lib_V1.5.0\\Libraries\\STM32F0xx_StdPeriph_Driver\\src\\stm32f0xx_can.c 0x00000000   Number         0  stm32f0xx_can.o ABSOLUTE
    ..\\STM32F0xx_StdPeriph_Lib_V1.5.0\\Libraries\\STM32F0xx_StdPeriph_Driver\\src\\stm32f0xx_cec.c 0x00000000   Number         0  stm32f0xx_cec.o ABSOLUTE
    ..\\STM32F0xx_StdPeriph_Lib_V1.5.0\\Libraries\\STM32F0xx_StdPeriph_Driver\\src\\stm32f0xx_comp.c 0x00000000   Number         0  stm32f0xx_comp.o ABSOLUTE
    ..\\STM32F0xx_StdPeriph_Lib_V1.5.0\\Libraries\\STM32F0xx_StdPeriph_Driver\\src\\stm32f0xx_crc.c 0x00000000   Number         0  stm32f0xx_crc.o ABSOLUTE
    ..\\STM32F0xx_StdPeriph_Lib_V1.5.0\\Libraries\\STM32F0xx_StdPeriph_Driver\\src\\stm32f0xx_crs.c 0x00000000   Number         0  stm32f0xx_crs.o ABSOLUTE
    ..\\STM32F0xx_StdPeriph_Lib_V1.5.0\\Libraries\\STM32F0xx_StdPeriph_Driver\\src\\stm32f0xx_dac.c 0x00000000   Number         0  stm32f0xx_dac.o ABSOLUTE
    ..\\STM32F0xx_StdPeriph_Lib_V1.5.0\\Libraries\\STM32F0xx_StdPeriph_Driver\\src\\stm32f0xx_dbgmcu.c 0x00000000   Number         0  stm32f0xx_dbgmcu.o ABSOLUTE
    ..\\STM32F0xx_StdPeriph_Lib_V1.5.0\\Libraries\\STM32F0xx_StdPeriph_Driver\\src\\stm32f0xx_dma.c 0x00000000   Number         0  stm32f0xx_dma.o ABSOLUTE
    ..\\STM32F0xx_StdPeriph_Lib_V1.5.0\\Libraries\\STM32F0xx_StdPeriph_Driver\\src\\stm32f0xx_exti.c 0x00000000   Number         0  stm32f0xx_exti.o ABSOLUTE
    ..\\STM32F0xx_StdPeriph_Lib_V1.5.0\\Libraries\\STM32F0xx_StdPeriph_Driver\\src\\stm32f0xx_flash.c 0x00000000   Number         0  stm32f0xx_flash.o ABSOLUTE
    ..\\STM32F0xx_StdPeriph_Lib_V1.5.0\\Libraries\\STM32F0xx_StdPeriph_Driver\\src\\stm32f0xx_gpio.c 0x00000000   Number         0  stm32f0xx_gpio.o ABSOLUTE
    ..\\STM32F0xx_StdPeriph_Lib_V1.5.0\\Libraries\\STM32F0xx_StdPeriph_Driver\\src\\stm32f0xx_i2c.c 0x00000000   Number         0  stm32f0xx_i2c.o ABSOLUTE
    ..\\STM32F0xx_StdPeriph_Lib_V1.5.0\\Libraries\\STM32F0xx_StdPeriph_Driver\\src\\stm32f0xx_iwdg.c 0x00000000   Number         0  stm32f0xx_iwdg.o ABSOLUTE
    ..\\STM32F0xx_StdPeriph_Lib_V1.5.0\\Libraries\\STM32F0xx_StdPeriph_Driver\\src\\stm32f0xx_misc.c 0x00000000   Number         0  stm32f0xx_misc.o ABSOLUTE
    ..\\STM32F0xx_StdPeriph_Lib_V1.5.0\\Libraries\\STM32F0xx_StdPeriph_Driver\\src\\stm32f0xx_pwr.c 0x00000000   Number         0  stm32f0xx_pwr.o ABSOLUTE
    ..\\STM32F0xx_StdPeriph_Lib_V1.5.0\\Libraries\\STM32F0xx_StdPeriph_Driver\\src\\stm32f0xx_rcc.c 0x00000000   Number         0  stm32f0xx_rcc.o ABSOLUTE
    ..\\STM32F0xx_StdPeriph_Lib_V1.5.0\\Libraries\\STM32F0xx_StdPeriph_Driver\\src\\stm32f0xx_rtc.c 0x00000000   Number         0  stm32f0xx_rtc.o ABSOLUTE
    ..\\STM32F0xx_StdPeriph_Lib_V1.5.0\\Libraries\\STM32F0xx_StdPeriph_Driver\\src\\stm32f0xx_spi.c 0x00000000   Number         0  stm32f0xx_spi.o ABSOLUTE
    ..\\STM32F0xx_StdPeriph_Lib_V1.5.0\\Libraries\\STM32F0xx_StdPeriph_Driver\\src\\stm32f0xx_syscfg.c 0x00000000   Number         0  stm32f0xx_syscfg.o ABSOLUTE
    ..\\STM32F0xx_StdPeriph_Lib_V1.5.0\\Libraries\\STM32F0xx_StdPeriph_Driver\\src\\stm32f0xx_tim.c 0x00000000   Number         0  stm32f0xx_tim.o ABSOLUTE
    ..\\STM32F0xx_StdPeriph_Lib_V1.5.0\\Libraries\\STM32F0xx_StdPeriph_Driver\\src\\stm32f0xx_usart.c 0x00000000   Number         0  stm32f0xx_usart.o ABSOLUTE
    ..\\STM32F0xx_StdPeriph_Lib_V1.5.0\\Libraries\\STM32F0xx_StdPeriph_Driver\\src\\stm32f0xx_wwdg.c 0x00000000   Number         0  stm32f0xx_wwdg.o ABSOLUTE
    dc.s                                     0x00000000   Number         0  dc.o ABSOLUTE
    source\OLED.c                            0x00000000   Number         0  oled.o ABSOLUTE
    source\\OLED.c                           0x00000000   Number         0  oled.o ABSOLUTE
    source\\commu.c                          0x00000000   Number         0  commu.o ABSOLUTE
    source\\i2c_emu.c                        0x00000000   Number         0  i2c_emu.o ABSOLUTE
    source\\i2c_emu2.c                       0x00000000   Number         0  i2c_emu2.o ABSOLUTE
    source\\mbport.c                         0x00000000   Number         0  mbport.o ABSOLUTE
    source\\metronome.c                      0x00000000   Number         0  metronome.o ABSOLUTE
    source\\sht3x.c                          0x00000000   Number         0  sht3x.o ABSOLUTE
    source\\user.c                           0x00000000   Number         0  user.o ABSOLUTE
    source\\user_init.c                      0x00000000   Number         0  user_init.o ABSOLUTE
    source\commu.c                           0x00000000   Number         0  commu.o ABSOLUTE
    source\disp_init.c                       0x00000000   Number         0  disp_init.o ABSOLUTE
    source\i2c_emu.c                         0x00000000   Number         0  i2c_emu.o ABSOLUTE
    source\i2c_emu2.c                        0x00000000   Number         0  i2c_emu2.o ABSOLUTE
    source\mb.c                              0x00000000   Number         0  mb.o ABSOLUTE
    source\mbcrc.c                           0x00000000   Number         0  mbcrc.o ABSOLUTE
    source\mbport.c                          0x00000000   Number         0  mbport.o ABSOLUTE
    source\metronome.c                       0x00000000   Number         0  metronome.o ABSOLUTE
    source\sht3x.c                           0x00000000   Number         0  sht3x.o ABSOLUTE
    source\user.c                            0x00000000   Number         0  user.o ABSOLUTE
    source\user_init.c                       0x00000000   Number         0  user_init.o ABSOLUTE
    RESET                                    0x08000000   Section      180  startup_stm32f030.o(RESET)
    !!!main                                  0x080000b4   Section        8  __main.o(!!!main)
    !!!scatter                               0x080000bc   Section       60  __scatter.o(!!!scatter)
    !!handler_copy                           0x080000f8   Section       26  __scatter_copy.o(!!handler_copy)
    !!handler_zi                             0x08000114   Section       28  __scatter_zi.o(!!handler_zi)
    .ARM.Collect$$libinit$$00000000          0x08000130   Section        2  libinit.o(.ARM.Collect$$libinit$$00000000)
    .ARM.Collect$$libinit$$00000002          0x08000132   Section        0  libinit2.o(.ARM.Collect$$libinit$$00000002)
    .ARM.Collect$$libinit$$00000004          0x08000132   Section        0  libinit2.o(.ARM.Collect$$libinit$$00000004)
    .ARM.Collect$$libinit$$0000000A          0x08000132   Section        0  libinit2.o(.ARM.Collect$$libinit$$0000000A)
    .ARM.Collect$$libinit$$0000000C          0x08000132   Section        0  libinit2.o(.ARM.Collect$$libinit$$0000000C)
    .ARM.Collect$$libinit$$0000000E          0x08000132   Section        0  libinit2.o(.ARM.Collect$$libinit$$0000000E)
    .ARM.Collect$$libinit$$00000011          0x08000132   Section        0  libinit2.o(.ARM.Collect$$libinit$$00000011)
    .ARM.Collect$$libinit$$00000013          0x08000132   Section        0  libinit2.o(.ARM.Collect$$libinit$$00000013)
    .ARM.Collect$$libinit$$00000015          0x08000132   Section        0  libinit2.o(.ARM.Collect$$libinit$$00000015)
    .ARM.Collect$$libinit$$00000017          0x08000132   Section        0  libinit2.o(.ARM.Collect$$libinit$$00000017)
    .ARM.Collect$$libinit$$00000019          0x08000132   Section        0  libinit2.o(.ARM.Collect$$libinit$$00000019)
    .ARM.Collect$$libinit$$0000001B          0x08000132   Section        0  libinit2.o(.ARM.Collect$$libinit$$0000001B)
    .ARM.Collect$$libinit$$0000001D          0x08000132   Section        0  libinit2.o(.ARM.Collect$$libinit$$0000001D)
    .ARM.Collect$$libinit$$0000001F          0x08000132   Section        0  libinit2.o(.ARM.Collect$$libinit$$0000001F)
    .ARM.Collect$$libinit$$00000021          0x08000132   Section        0  libinit2.o(.ARM.Collect$$libinit$$00000021)
    .ARM.Collect$$libinit$$00000023          0x08000132   Section        0  libinit2.o(.ARM.Collect$$libinit$$00000023)
    .ARM.Collect$$libinit$$00000025          0x08000132   Section        0  libinit2.o(.ARM.Collect$$libinit$$00000025)
    .ARM.Collect$$libinit$$0000002C          0x08000132   Section        0  libinit2.o(.ARM.Collect$$libinit$$0000002C)
    .ARM.Collect$$libinit$$0000002E          0x08000132   Section        0  libinit2.o(.ARM.Collect$$libinit$$0000002E)
    .ARM.Collect$$libinit$$00000030          0x08000132   Section        0  libinit2.o(.ARM.Collect$$libinit$$00000030)
    .ARM.Collect$$libinit$$00000032          0x08000132   Section        0  libinit2.o(.ARM.Collect$$libinit$$00000032)
    .ARM.Collect$$libinit$$00000033          0x08000132   Section        2  libinit2.o(.ARM.Collect$$libinit$$00000033)
    .ARM.Collect$$libshutdown$$00000000      0x08000134   Section        2  libshutdown.o(.ARM.Collect$$libshutdown$$00000000)
    .ARM.Collect$$libshutdown$$00000002      0x08000136   Section        0  libshutdown2.o(.ARM.Collect$$libshutdown$$00000002)
    .ARM.Collect$$libshutdown$$00000004      0x08000136   Section        0  libshutdown2.o(.ARM.Collect$$libshutdown$$00000004)
    .ARM.Collect$$libshutdown$$00000007      0x08000136   Section        0  libshutdown2.o(.ARM.Collect$$libshutdown$$00000007)
    .ARM.Collect$$libshutdown$$0000000A      0x08000136   Section        0  libshutdown2.o(.ARM.Collect$$libshutdown$$0000000A)
    .ARM.Collect$$libshutdown$$0000000C      0x08000136   Section        0  libshutdown2.o(.ARM.Collect$$libshutdown$$0000000C)
    .ARM.Collect$$libshutdown$$0000000F      0x08000136   Section        0  libshutdown2.o(.ARM.Collect$$libshutdown$$0000000F)
    .ARM.Collect$$libshutdown$$00000010      0x08000136   Section        2  libshutdown2.o(.ARM.Collect$$libshutdown$$00000010)
    .ARM.Collect$$rtentry$$00000000          0x08000138   Section        0  __rtentry.o(.ARM.Collect$$rtentry$$00000000)
    .ARM.Collect$$rtentry$$00000002          0x08000138   Section        0  __rtentry2.o(.ARM.Collect$$rtentry$$00000002)
    .ARM.Collect$$rtentry$$00000004          0x08000138   Section        6  __rtentry4.o(.ARM.Collect$$rtentry$$00000004)
    .ARM.Collect$$rtentry$$00000009          0x0800013e   Section        0  __rtentry2.o(.ARM.Collect$$rtentry$$00000009)
    .ARM.Collect$$rtentry$$0000000A          0x0800013e   Section        4  __rtentry2.o(.ARM.Collect$$rtentry$$0000000A)
    .ARM.Collect$$rtentry$$0000000C          0x08000142   Section        0  __rtentry2.o(.ARM.Collect$$rtentry$$0000000C)
    .ARM.Collect$$rtentry$$0000000D          0x08000142   Section        8  __rtentry2.o(.ARM.Collect$$rtentry$$0000000D)
    .ARM.Collect$$rtexit$$00000000           0x0800014a   Section        2  rtexit.o(.ARM.Collect$$rtexit$$00000000)
    .ARM.Collect$$rtexit$$00000002           0x0800014c   Section        0  rtexit2.o(.ARM.Collect$$rtexit$$00000002)
    .ARM.Collect$$rtexit$$00000003           0x0800014c   Section        4  rtexit2.o(.ARM.Collect$$rtexit$$00000003)
    .ARM.Collect$$rtexit$$00000004           0x08000150   Section        6  rtexit2.o(.ARM.Collect$$rtexit$$00000004)
    .text                                    0x08000158   Section      116  startup_stm32f030.o(.text)
    .text                                    0x080001cc   Section      346  aeabi_sdiv.o(.text)
    .text                                    0x08000326   Section        0  heapauxi.o(.text)
    .text                                    0x0800032c   Section        0  fdiv.o(.text)
    .text                                    0x0800048c   Section        0  ffixi.o(.text)
    .text                                    0x080004d8   Section        0  ffixui.o(.text)
    .text                                    0x08000508   Section        0  fflti.o(.text)
    .text                                    0x08000566   Section       62  sys_stackheap_outer.o(.text)
    .text                                    0x080005a4   Section        0  exit.o(.text)
    .text                                    0x080005b4   Section        8  libspace.o(.text)
    .text                                    0x080005bc   Section        0  sys_exit.o(.text)
    .text                                    0x080005c8   Section        2  use_no_semi.o(.text)
    .text                                    0x080005ca   Section        0  indicate_semi.o(.text)
    i.GPIO_Init                              0x080005ca   Section        0  stm32f0xx_gpio.o(i.GPIO_Init)
    i.GPIO_PinAFConfig                       0x0800063a   Section        0  stm32f0xx_gpio.o(i.GPIO_PinAFConfig)
    i.GPIO_ReadInputDataBit                  0x0800065a   Section        0  stm32f0xx_gpio.o(i.GPIO_ReadInputDataBit)
    i.GPIO_ResetBits                         0x08000668   Section        0  stm32f0xx_gpio.o(i.GPIO_ResetBits)
    i.GPIO_SetBits                           0x0800066c   Section        0  stm32f0xx_gpio.o(i.GPIO_SetBits)
    i.LCD_DLY_ms                             0x08000670   Section        0  oled.o(i.LCD_DLY_ms)
    i.LCD_Fill                               0x08000690   Section        0  oled.o(i.LCD_Fill)
    i.LCD_GPIO_cfg                           0x080006c8   Section        0  oled.o(i.LCD_GPIO_cfg)
    i.LCD_Init                               0x08000708   Section        0  oled.o(i.LCD_Init)
    i.LCD_P16x16Str                          0x080007e8   Section        0  oled.o(i.LCD_P16x16Str)
    i.LCD_P6x8Str                            0x080008c4   Section        0  oled.o(i.LCD_P6x8Str)
    i.LCD_P8x16Str                           0x08000914   Section        0  oled.o(i.LCD_P8x16Str)
    i.LCD_Print                              0x08000980   Section        0  oled.o(i.LCD_Print)
    i.LCD_Set_Pos                            0x08000a04   Section        0  oled.o(i.LCD_Set_Pos)
    i.LCD_WrCmd                              0x08000a28   Section        0  oled.o(i.LCD_WrCmd)
    i.LCD_WrDat                              0x08000a80   Section        0  oled.o(i.LCD_WrDat)
    i.Modbus_03_Solve                        0x08000ad8   Section        0  mb.o(i.Modbus_03_Solve)
    i.Modbus_06_Solve                        0x08000b5c   Section        0  mb.o(i.Modbus_06_Solve)
    i.Modbus_16_Solve                        0x08000bd8   Section        0  mb.o(i.Modbus_16_Solve)
    i.NVIC_Init                              0x08000c60   Section        0  stm32f0xx_misc.o(i.NVIC_Init)
    i.NVIC_cfg                               0x08000cb0   Section        0  user_init.o(i.NVIC_cfg)
    i.RCC_AHBPeriphClockCmd                  0x08000d0c   Section        0  stm32f0xx_rcc.o(i.RCC_AHBPeriphClockCmd)
    i.RCC_APB1PeriphClockCmd                 0x08000d24   Section        0  stm32f0xx_rcc.o(i.RCC_APB1PeriphClockCmd)
    i.RCC_APB2PeriphClockCmd                 0x08000d3c   Section        0  stm32f0xx_rcc.o(i.RCC_APB2PeriphClockCmd)
    i.RCC_GetClocksFreq                      0x08000d54   Section        0  stm32f0xx_rcc.o(i.RCC_GetClocksFreq)
    i.RCC_HCLKConfig                         0x08000ecc   Section        0  stm32f0xx_rcc.o(i.RCC_HCLKConfig)
    i.RCC_HSEConfig                          0x08000ee0   Section        0  stm32f0xx_rcc.o(i.RCC_HSEConfig)
    i.RCC_PCLKConfig                         0x08000ef0   Section        0  stm32f0xx_rcc.o(i.RCC_PCLKConfig)
    i.RCC_PLLCmd                             0x08000f04   Section        0  stm32f0xx_rcc.o(i.RCC_PLLCmd)
    i.RCC_PLLConfig                          0x08000f20   Section        0  stm32f0xx_rcc.o(i.RCC_PLLConfig)
    i.RCC_SYSCLKConfig                       0x08000f3c   Section        0  stm32f0xx_rcc.o(i.RCC_SYSCLKConfig)
    i.RCC_cfg                                0x08000f50   Section        0  user_init.o(i.RCC_cfg)
    i.SHT3X_CalcCrc                          0x08000fa0   Section        0  sht3x.o(i.SHT3X_CalcCrc)
    SHT3X_CalcCrc                            0x08000fa1   Thumb Code    52  sht3x.o(i.SHT3X_CalcCrc)
    i.SHT3X_CalcHumidity                     0x08000fd4   Section        0  sht3x.o(i.SHT3X_CalcHumidity)
    SHT3X_CalcHumidity                       0x08000fd5   Thumb Code    20  sht3x.o(i.SHT3X_CalcHumidity)
    i.SHT3X_CalcTemperature                  0x08000ff0   Section        0  sht3x.o(i.SHT3X_CalcTemperature)
    SHT3X_CalcTemperature                    0x08000ff1   Thumb Code    26  sht3x.o(i.SHT3X_CalcTemperature)
    i.SHT3X_GetTempAndHumi                   0x08001018   Section        0  sht3x.o(i.SHT3X_GetTempAndHumi)
    i.SHT3X_GetTempAndHumiClkStretch         0x08001038   Section        0  sht3x.o(i.SHT3X_GetTempAndHumiClkStretch)
    i.SHT3X_GetTempAndHumiPolling            0x080010b8   Section        0  sht3x.o(i.SHT3X_GetTempAndHumiPolling)
    i.SHT3X_Read2BytesAndCrc                 0x08001160   Section        0  sht3x.o(i.SHT3X_Read2BytesAndCrc)
    SHT3X_Read2BytesAndCrc                   0x08001161   Thumb Code    78  sht3x.o(i.SHT3X_Read2BytesAndCrc)
    i.SHT3X_ReadStatus                       0x080011b0   Section        0  sht3x.o(i.SHT3X_ReadStatus)
    i.SHT3X_SetI2cAdr                        0x080011e8   Section        0  sht3x.o(i.SHT3X_SetI2cAdr)
    i.SHT3X_StartReadAccess                  0x080011f4   Section        0  sht3x.o(i.SHT3X_StartReadAccess)
    SHT3X_StartReadAccess                    0x080011f5   Thumb Code    36  sht3x.o(i.SHT3X_StartReadAccess)
    i.SHT3X_StartWriteAccess                 0x0800121c   Section        0  sht3x.o(i.SHT3X_StartWriteAccess)
    SHT3X_StartWriteAccess                   0x0800121d   Thumb Code    34  sht3x.o(i.SHT3X_StartWriteAccess)
    i.SHT3X_WriteCommand                     0x08001244   Section        0  sht3x.o(i.SHT3X_WriteCommand)
    SHT3X_WriteCommand                       0x08001245   Thumb Code    42  sht3x.o(i.SHT3X_WriteCommand)
    i.SystemInit                             0x0800126e   Section        0  user.o(i.SystemInit)
    i.TIM16_IRQHandler                       0x08001270   Section        0  mbport.o(i.TIM16_IRQHandler)
    i.TIM17_IRQHandler                       0x0800129c   Section        0  metronome.o(i.TIM17_IRQHandler)
    i.TIM_ARRPreloadConfig                   0x080012c4   Section        0  stm32f0xx_tim.o(i.TIM_ARRPreloadConfig)
    i.TIM_ClearITPendingBit                  0x080012d6   Section        0  stm32f0xx_tim.o(i.TIM_ClearITPendingBit)
    i.TIM_Cmd                                0x080012dc   Section        0  stm32f0xx_tim.o(i.TIM_Cmd)
    i.TIM_GetITStatus                        0x080012f0   Section        0  stm32f0xx_tim.o(i.TIM_GetITStatus)
    i.TIM_ITConfig                           0x08001308   Section        0  stm32f0xx_tim.o(i.TIM_ITConfig)
    i.TIM_SetCounter                         0x08001318   Section        0  stm32f0xx_tim.o(i.TIM_SetCounter)
    i.TIM_TimeBaseInit                       0x0800131c   Section        0  stm32f0xx_tim.o(i.TIM_TimeBaseInit)
    i.USART1_IRQHandler                      0x08001390   Section        0  mbport.o(i.USART1_IRQHandler)
    i.USART_ClearFlag                        0x080013d8   Section        0  stm32f0xx_usart.o(i.USART_ClearFlag)
    i.USART_ClearITPendingBit                0x080013dc   Section        0  stm32f0xx_usart.o(i.USART_ClearITPendingBit)
    i.USART_Cmd                              0x080013e6   Section        0  stm32f0xx_usart.o(i.USART_Cmd)
    i.USART_GetFlagStatus                    0x080013fa   Section        0  stm32f0xx_usart.o(i.USART_GetFlagStatus)
    i.USART_GetITStatus                      0x08001408   Section        0  stm32f0xx_usart.o(i.USART_GetITStatus)
    i.USART_ITConfig                         0x08001440   Section        0  stm32f0xx_usart.o(i.USART_ITConfig)
    i.USART_Init                             0x0800146c   Section        0  stm32f0xx_usart.o(i.USART_Init)
    i.USART_ReceiveData                      0x08001514   Section        0  stm32f0xx_usart.o(i.USART_ReceiveData)
    i.USART_SendData                         0x0800151c   Section        0  stm32f0xx_usart.o(i.USART_SendData)
    i.delay_us                               0x08001524   Section        0  i2c_emu.o(i.delay_us)
    i.disp_conv                              0x08001540   Section        0  disp_init.o(i.disp_conv)
    i.getCRC16                               0x08001854   Section        0  mbcrc.o(i.getCRC16)
    i.i2c2_GPIO_cfg                          0x08001884   Section        0  i2c_emu2.o(i.i2c2_GPIO_cfg)
    i.i2c2_ack                               0x080018a8   Section        0  i2c_emu2.o(i.i2c2_ack)
    i.i2c2_noack                             0x080018f0   Section        0  i2c_emu2.o(i.i2c2_noack)
    i.i2c2_read_byte                         0x08001930   Section        0  i2c_emu2.o(i.i2c2_read_byte)
    i.i2c2_start                             0x0800197e   Section        0  i2c_emu2.o(i.i2c2_start)
    i.i2c2_stop                              0x080019aa   Section        0  i2c_emu2.o(i.i2c2_stop)
    i.i2c2_waitack                           0x080019d6   Section        0  i2c_emu2.o(i.i2c2_waitack)
    i.i2c2_write_byte                        0x08001a1c   Section        0  i2c_emu2.o(i.i2c2_write_byte)
    i.i2c_GPIO_cfg                           0x08001a74   Section        0  i2c_emu.o(i.i2c_GPIO_cfg)
    i.i2c_ack                                0x08001a9c   Section        0  i2c_emu.o(i.i2c_ack)
    i.i2c_noack                              0x08001aea   Section        0  i2c_emu.o(i.i2c_noack)
    i.i2c_read_byte                          0x08001b2e   Section        0  i2c_emu.o(i.i2c_read_byte)
    i.i2c_start                              0x08001b84   Section        0  i2c_emu.o(i.i2c_start)
    i.i2c_stop                               0x08001bb4   Section        0  i2c_emu.o(i.i2c_stop)
    i.i2c_waitack                            0x08001be4   Section        0  i2c_emu.o(i.i2c_waitack)
    i.i2c_write_byte                         0x08001c30   Section        0  i2c_emu.o(i.i2c_write_byte)
    i.main                                   0x08001c8c   Section        0  user.o(i.main)
    i.mbRcvComplete                          0x08001dd4   Section        0  mb.o(i.mbRcvComplete)
    i.mbRcvProcess                           0x08001de0   Section        0  mb.o(i.mbRcvProcess)
    i.mbRegHolding                           0x08001e04   Section        0  user.o(i.mbRegHolding)
    i.mb_SendData                            0x08001e68   Section        0  mbport.o(i.mb_SendData)
    i.mb_Service                             0x08001eb4   Section        0  mb.o(i.mb_Service)
    i.mb_TIM16_cfg                           0x08001f7c   Section        0  mbport.o(i.mb_TIM16_cfg)
    i.mb_USART_cfg                           0x08001fb8   Section        0  mbport.o(i.mb_USART_cfg)
    i.mb_receiveData                         0x08002004   Section        0  mbport.o(i.mb_receiveData)
    i.mtn_TIM17_cfg                          0x08002018   Section        0  metronome.o(i.mtn_TIM17_cfg)
    i.read_module                            0x08002060   Section        0  commu.o(i.read_module)
    i.saveT_H                                0x08002194   Section        0  user.o(i.saveT_H)
    i.send_T_H                               0x080021c0   Section        0  commu.o(i.send_T_H)
    i.setMBAddr                              0x0800223c   Section        0  mb.o(i.setMBAddr)
    i.time2tell                              0x08002248   Section        0  metronome.o(i.time2tell)
    i.usart1_GPIO_cfg                        0x08002260   Section        0  mbport.o(i.usart1_GPIO_cfg)
    x$fpl$fadd                               0x0800229c   Section      140  faddsub.o(x$fpl$fadd)
    _fadd1                                   0x080022a9   Thumb Code     0  faddsub.o(x$fpl$fadd)
    x$fpl$fmul                               0x08002328   Section      176  fmul.o(x$fpl$fmul)
    x$fpl$frsb                               0x080023d8   Section       24  faddsub.o(x$fpl$frsb)
    x$fpl$fsub                               0x080023f0   Section      208  faddsub.o(x$fpl$fsub)
    _fsub1                                   0x080023fd   Thumb Code     0  faddsub.o(x$fpl$fsub)
    .constdata                               0x080024c0   Section      512  mbcrc.o(.constdata)
    x$fpl$usenofp                            0x080024c0   Section        0  usenofp.o(x$fpl$usenofp)
    aucCRCHi                                 0x080024c0   Data         256  mbcrc.o(.constdata)
    aucCRCLo                                 0x080025c0   Data         256  mbcrc.o(.constdata)
    .constdata                               0x080026c0   Section       16  user.o(.constdata)
    .constdata                               0x080026d0   Section     2753  oled.o(.constdata)
    .constdata                               0x08003191   Section       64  fdiv.o(.constdata)
    fdiv_tab                                 0x08003191   Data          64  fdiv.o(.constdata)
    .data                                    0x20000000   Section       12  mb.o(.data)
    MB_Addr                                  0x20000000   Data           1  mb.o(.data)
    MB_RX_CNT                                0x20000002   Data           2  mb.o(.data)
    MB_FrameFlag                             0x20000004   Data           2  mb.o(.data)
    .data                                    0x2000000c   Section       12  mbport.o(.data)
    MB_TX_EN                                 0x2000000c   Data           2  mbport.o(.data)
    GPIO_InitStructure                       0x20000010   Data           8  mbport.o(.data)
    .data                                    0x20000018   Section        4  user.o(.data)
    slvAddr                                  0x20000018   Data           1  user.o(.data)
    usRegHoldingStart                        0x2000001a   Data           2  user.o(.data)
    .data                                    0x2000001c   Section        3  user_init.o(.data)
    NVIC_InitStructure                       0x2000001c   Data           3  user_init.o(.data)
    .data                                    0x2000001f   Section        1  metronome.o(.data)
    l2tell                                   0x2000001f   Data           1  metronome.o(.data)
    .data                                    0x20000020   Section        8  oled.o(.data)
    GPIO_InitStructure                       0x20000020   Data           8  oled.o(.data)
    .data                                    0x20000028   Section        8  i2c_emu.o(.data)
    GPIO_InitStructure                       0x20000028   Data           8  i2c_emu.o(.data)
    .data                                    0x20000030   Section        8  i2c_emu2.o(.data)
    GPIO_InitStructure                       0x20000030   Data           8  i2c_emu2.o(.data)
    .data                                    0x20000038   Section        1  sht3x.o(.data)
    _i2cAddress                              0x20000038   Data           1  sht3x.o(.data)
    .data                                    0x20000039   Section       16  stm32f0xx_rcc.o(.data)
    APBAHBPrescTable                         0x20000039   Data          16  stm32f0xx_rcc.o(.data)
    .bss                                     0x2000004c   Section      512  mb.o(.bss)
    MB_RX_BUFF                               0x2000004c   Data         256  mb.o(.bss)
    MB_TX_BUFF                               0x2000014c   Data         256  mb.o(.bss)
    .bss                                     0x2000024c   Section       36  mbport.o(.bss)
    USART_InitStructure                      0x2000024c   Data          24  mbport.o(.bss)
    TIM_TimeBaseStructure                    0x20000264   Data          12  mbport.o(.bss)
    .bss                                     0x20000270   Section       80  user.o(.bss)
    usRegHoldingBuf                          0x20000270   Data          64  user.o(.bss)
    .bss                                     0x200002c0   Section       12  metronome.o(.bss)
    TIM_TimeBaseStructure                    0x200002c0   Data          12  metronome.o(.bss)
    .bss                                     0x200002cc   Section       96  libspace.o(.bss)
    HEAP                                     0x20000330   Section      512  startup_stm32f030.o(HEAP)
    Heap_Mem                                 0x20000330   Data         512  startup_stm32f030.o(HEAP)
    STACK                                    0x20000530   Section     1024  startup_stm32f030.o(STACK)
    Stack_Mem                                0x20000530   Data        1024  startup_stm32f030.o(STACK)
    __initial_sp                             0x20000930   Data           0  startup_stm32f030.o(STACK)

    Global Symbols

    Symbol Name                              Value     Ov Type        Size  Object(Section)

    BuildAttributes$$THM_ISAv3M$S$PE$A:L22$X:L11$S22$IEEE1$IW$USESV6$~STKCKD$USESV7$~SHL$OSPACE$ROPI$EBA8$UX$STANDARDLIB$REQ8$PRES8$EABIv2 0x00000000   Number         0  anon$$obj.o ABSOLUTE
    __ARM_use_no_argv                        0x00000000   Number         0  user.o ABSOLUTE
    __ARM_exceptions_init                     - Undefined Weak Reference
    __alloca_initialize                       - Undefined Weak Reference
    __arm_preinit_                            - Undefined Weak Reference
    __cpp_initialize__aeabi_                  - Undefined Weak Reference
    __cxa_finalize                            - Undefined Weak Reference
    __rt_locale                               - Undefined Weak Reference
    __sigvec_lookup                           - Undefined Weak Reference
    _atexit_init                              - Undefined Weak Reference
    _call_atexit_fns                          - Undefined Weak Reference
    _clock_init                               - Undefined Weak Reference
    _fp_trap_init                             - Undefined Weak Reference
    _fp_trap_shutdown                         - Undefined Weak Reference
    _get_lc_collate                           - Undefined Weak Reference
    _get_lc_ctype                             - Undefined Weak Reference
    _get_lc_monetary                          - Undefined Weak Reference
    _get_lc_numeric                           - Undefined Weak Reference
    _get_lc_time                              - Undefined Weak Reference
    _getenv_init                              - Undefined Weak Reference
    _handle_redirection                       - Undefined Weak Reference
    _init_alloc                               - Undefined Weak Reference
    _init_user_alloc                          - Undefined Weak Reference
    _initio                                   - Undefined Weak Reference
    _rand_init                                - Undefined Weak Reference
    _signal_finish                            - Undefined Weak Reference
    _signal_init                              - Undefined Weak Reference
    _terminate_alloc                          - Undefined Weak Reference
    _terminate_user_alloc                     - Undefined Weak Reference
    _terminateio                              - Undefined Weak Reference
    __Vectors_Size                           0x000000b4   Number         0  startup_stm32f030.o ABSOLUTE
    __Vectors                                0x08000000   Data           4  startup_stm32f030.o(RESET)
    __Vectors_End                            0x080000b4   Data           0  startup_stm32f030.o(RESET)
    __main                                   0x080000b5   Thumb Code     8  __main.o(!!!main)
    __scatterload                            0x080000bd   Thumb Code     0  __scatter.o(!!!scatter)
    __scatterload_rt2                        0x080000bd   Thumb Code    52  __scatter.o(!!!scatter)
    __scatterload_rt2_thumb_only             0x080000bd   Thumb Code     0  __scatter.o(!!!scatter)
    __scatterload_null                       0x080000cd   Thumb Code     0  __scatter.o(!!!scatter)
    __scatterload_copy                       0x080000f9   Thumb Code    26  __scatter_copy.o(!!handler_copy)
    __scatterload_zeroinit                   0x08000115   Thumb Code    28  __scatter_zi.o(!!handler_zi)
    __rt_lib_init                            0x08000131   Thumb Code     0  libinit.o(.ARM.Collect$$libinit$$00000000)
    __rt_lib_init_alloca_1                   0x08000133   Thumb Code     0  libinit2.o(.ARM.Collect$$libinit$$0000002E)
    __rt_lib_init_argv_1                     0x08000133   Thumb Code     0  libinit2.o(.ARM.Collect$$libinit$$0000002C)
    __rt_lib_init_atexit_1                   0x08000133   Thumb Code     0  libinit2.o(.ARM.Collect$$libinit$$0000001B)
    __rt_lib_init_clock_1                    0x08000133   Thumb Code     0  libinit2.o(.ARM.Collect$$libinit$$00000021)
    __rt_lib_init_cpp_1                      0x08000133   Thumb Code     0  libinit2.o(.ARM.Collect$$libinit$$00000032)
    __rt_lib_init_exceptions_1               0x08000133   Thumb Code     0  libinit2.o(.ARM.Collect$$libinit$$00000030)
    __rt_lib_init_fp_1                       0x08000133   Thumb Code     0  libinit2.o(.ARM.Collect$$libinit$$00000002)
    __rt_lib_init_fp_trap_1                  0x08000133   Thumb Code     0  libinit2.o(.ARM.Collect$$libinit$$0000001F)
    __rt_lib_init_getenv_1                   0x08000133   Thumb Code     0  libinit2.o(.ARM.Collect$$libinit$$00000023)
    __rt_lib_init_heap_1                     0x08000133   Thumb Code     0  libinit2.o(.ARM.Collect$$libinit$$0000000A)
    __rt_lib_init_lc_collate_1               0x08000133   Thumb Code     0  libinit2.o(.ARM.Collect$$libinit$$00000011)
    __rt_lib_init_lc_ctype_1                 0x08000133   Thumb Code     0  libinit2.o(.ARM.Collect$$libinit$$00000013)
    __rt_lib_init_lc_monetary_1              0x08000133   Thumb Code     0  libinit2.o(.ARM.Collect$$libinit$$00000015)
    __rt_lib_init_lc_numeric_1               0x08000133   Thumb Code     0  libinit2.o(.ARM.Collect$$libinit$$00000017)
    __rt_lib_init_lc_time_1                  0x08000133   Thumb Code     0  libinit2.o(.ARM.Collect$$libinit$$00000019)
    __rt_lib_init_preinit_1                  0x08000133   Thumb Code     0  libinit2.o(.ARM.Collect$$libinit$$00000004)
    __rt_lib_init_rand_1                     0x08000133   Thumb Code     0  libinit2.o(.ARM.Collect$$libinit$$0000000E)
    __rt_lib_init_return                     0x08000133   Thumb Code     0  libinit2.o(.ARM.Collect$$libinit$$00000033)
    __rt_lib_init_signal_1                   0x08000133   Thumb Code     0  libinit2.o(.ARM.Collect$$libinit$$0000001D)
    __rt_lib_init_stdio_1                    0x08000133   Thumb Code     0  libinit2.o(.ARM.Collect$$libinit$$00000025)
    __rt_lib_init_user_alloc_1               0x08000133   Thumb Code     0  libinit2.o(.ARM.Collect$$libinit$$0000000C)
    __rt_lib_shutdown                        0x08000135   Thumb Code     0  libshutdown.o(.ARM.Collect$$libshutdown$$00000000)
    __rt_lib_shutdown_cpp_1                  0x08000137   Thumb Code     0  libshutdown2.o(.ARM.Collect$$libshutdown$$00000002)
    __rt_lib_shutdown_fp_trap_1              0x08000137   Thumb Code     0  libshutdown2.o(.ARM.Collect$$libshutdown$$00000007)
    __rt_lib_shutdown_heap_1                 0x08000137   Thumb Code     0  libshutdown2.o(.ARM.Collect$$libshutdown$$0000000F)
    __rt_lib_shutdown_return                 0x08000137   Thumb Code     0  libshutdown2.o(.ARM.Collect$$libshutdown$$00000010)
    __rt_lib_shutdown_signal_1               0x08000137   Thumb Code     0  libshutdown2.o(.ARM.Collect$$libshutdown$$0000000A)
    __rt_lib_shutdown_stdio_1                0x08000137   Thumb Code     0  libshutdown2.o(.ARM.Collect$$libshutdown$$00000004)
    __rt_lib_shutdown_user_alloc_1           0x08000137   Thumb Code     0  libshutdown2.o(.ARM.Collect$$libshutdown$$0000000C)
    __rt_entry                               0x08000139   Thumb Code     0  __rtentry.o(.ARM.Collect$$rtentry$$00000000)
    __rt_entry_presh_1                       0x08000139   Thumb Code     0  __rtentry2.o(.ARM.Collect$$rtentry$$00000002)
    __rt_entry_sh                            0x08000139   Thumb Code     0  __rtentry4.o(.ARM.Collect$$rtentry$$00000004)
    __rt_entry_li                            0x0800013f   Thumb Code     0  __rtentry2.o(.ARM.Collect$$rtentry$$0000000A)
    __rt_entry_postsh_1                      0x0800013f   Thumb Code     0  __rtentry2.o(.ARM.Collect$$rtentry$$00000009)
    __rt_entry_main                          0x08000143   Thumb Code     0  __rtentry2.o(.ARM.Collect$$rtentry$$0000000D)
    __rt_entry_postli_1                      0x08000143   Thumb Code     0  __rtentry2.o(.ARM.Collect$$rtentry$$0000000C)
    __rt_exit                                0x0800014b   Thumb Code     0  rtexit.o(.ARM.Collect$$rtexit$$00000000)
    __rt_exit_ls                             0x0800014d   Thumb Code     0  rtexit2.o(.ARM.Collect$$rtexit$$00000003)
    __rt_exit_prels_1                        0x0800014d   Thumb Code     0  rtexit2.o(.ARM.Collect$$rtexit$$00000002)
    __rt_exit_exit                           0x08000151   Thumb Code     0  rtexit2.o(.ARM.Collect$$rtexit$$00000004)
    Reset_Handler                            0x08000159   Thumb Code    38  startup_stm32f030.o(.text)
    NMI_Handler                              0x0800017f   Thumb Code     2  startup_stm32f030.o(.text)
    HardFault_Handler                        0x08000181   Thumb Code     2  startup_stm32f030.o(.text)
    SVC_Handler                              0x08000183   Thumb Code     2  startup_stm32f030.o(.text)
    PendSV_Handler                           0x08000185   Thumb Code     2  startup_stm32f030.o(.text)
    SysTick_Handler                          0x08000187   Thumb Code     2  startup_stm32f030.o(.text)
    ADC1_IRQHandler                          0x08000189   Thumb Code     0  startup_stm32f030.o(.text)
    DMA1_Channel1_IRQHandler                 0x08000189   Thumb Code     0  startup_stm32f030.o(.text)
    DMA1_Channel2_3_IRQHandler               0x08000189   Thumb Code     0  startup_stm32f030.o(.text)
    DMA1_Channel4_5_IRQHandler               0x08000189   Thumb Code     0  startup_stm32f030.o(.text)
    EXTI0_1_IRQHandler                       0x08000189   Thumb Code     0  startup_stm32f030.o(.text)
    EXTI2_3_IRQHandler                       0x08000189   Thumb Code     0  startup_stm32f030.o(.text)
    EXTI4_15_IRQHandler                      0x08000189   Thumb Code     0  startup_stm32f030.o(.text)
    FLASH_IRQHandler                         0x08000189   Thumb Code     0  startup_stm32f030.o(.text)
    I2C1_IRQHandler                          0x08000189   Thumb Code     0  startup_stm32f030.o(.text)
    I2C2_IRQHandler                          0x08000189   Thumb Code     0  startup_stm32f030.o(.text)
    RCC_IRQHandler                           0x08000189   Thumb Code     0  startup_stm32f030.o(.text)
    RTC_IRQHandler                           0x08000189   Thumb Code     0  startup_stm32f030.o(.text)
    SPI1_IRQHandler                          0x08000189   Thumb Code     0  startup_stm32f030.o(.text)
    SPI2_IRQHandler                          0x08000189   Thumb Code     0  startup_stm32f030.o(.text)
    TIM14_IRQHandler                         0x08000189   Thumb Code     0  startup_stm32f030.o(.text)
    TIM15_IRQHandler                         0x08000189   Thumb Code     0  startup_stm32f030.o(.text)
    TIM1_BRK_UP_TRG_COM_IRQHandler           0x08000189   Thumb Code     0  startup_stm32f030.o(.text)
    TIM1_CC_IRQHandler                       0x08000189   Thumb Code     0  startup_stm32f030.o(.text)
    TIM3_IRQHandler                          0x08000189   Thumb Code     0  startup_stm32f030.o(.text)
    USART2_IRQHandler                        0x08000189   Thumb Code     0  startup_stm32f030.o(.text)
    WWDG_IRQHandler                          0x08000189   Thumb Code     0  startup_stm32f030.o(.text)
    __user_initial_stackheap                 0x0800018d   Thumb Code     0  startup_stm32f030.o(.text)
    __aeabi_uidiv                            0x080001cd   Thumb Code     0  aeabi_sdiv.o(.text)
    __aeabi_uidivmod                         0x080001cd   Thumb Code    20  aeabi_sdiv.o(.text)
    __aeabi_idiv                             0x080001e1   Thumb Code     0  aeabi_sdiv.o(.text)
    __aeabi_idivmod                          0x080001e1   Thumb Code   326  aeabi_sdiv.o(.text)
    __use_two_region_memory                  0x08000327   Thumb Code     2  heapauxi.o(.text)
    __rt_heap_escrow$2region                 0x08000329   Thumb Code     2  heapauxi.o(.text)
    __rt_heap_expand$2region                 0x0800032b   Thumb Code     2  heapauxi.o(.text)
    __aeabi_fdiv                             0x0800032d   Thumb Code     0  fdiv.o(.text)
    _fdiv                                    0x0800032d   Thumb Code   334  fdiv.o(.text)
    _frdiv                                   0x0800047b   Thumb Code     8  fdiv.o(.text)
    __aeabi_f2iz                             0x0800048d   Thumb Code     0  ffixi.o(.text)
    _ffix                                    0x0800048d   Thumb Code    76  ffixi.o(.text)
    __aeabi_f2uiz                            0x080004d9   Thumb Code     0  ffixui.o(.text)
    _ffixu                                   0x080004d9   Thumb Code    48  ffixui.o(.text)
    __aeabi_i2f_normalise                    0x08000509   Thumb Code    72  fflti.o(.text)
    __aeabi_i2f                              0x08000551   Thumb Code    16  fflti.o(.text)
    _fflt                                    0x08000551   Thumb Code     0  fflti.o(.text)
    __aeabi_ui2f                             0x08000561   Thumb Code     6  fflti.o(.text)
    _ffltu                                   0x08000561   Thumb Code     0  fflti.o(.text)
    __user_setup_stackheap                   0x08000567   Thumb Code    62  sys_stackheap_outer.o(.text)
    exit                                     0x080005a5   Thumb Code    16  exit.o(.text)
    __user_libspace                          0x080005b5   Thumb Code     8  libspace.o(.text)
    __user_perproc_libspace                  0x080005b5   Thumb Code     0  libspace.o(.text)
    __user_perthread_libspace                0x080005b5   Thumb Code     0  libspace.o(.text)
    _sys_exit                                0x080005bd   Thumb Code     8  sys_exit.o(.text)
    __I$use$semihosting                      0x080005c9   Thumb Code     0  use_no_semi.o(.text)
    __use_no_semihosting_swi                 0x080005c9   Thumb Code     2  use_no_semi.o(.text)
    GPIO_Init                                0x080005cb   Thumb Code   112  stm32f0xx_gpio.o(i.GPIO_Init)
    __semihosting_library_function           0x080005cb   Thumb Code     0  indicate_semi.o(.text)
    GPIO_PinAFConfig                         0x0800063b   Thumb Code    32  stm32f0xx_gpio.o(i.GPIO_PinAFConfig)
    GPIO_ReadInputDataBit                    0x0800065b   Thumb Code    14  stm32f0xx_gpio.o(i.GPIO_ReadInputDataBit)
    GPIO_ResetBits                           0x08000669   Thumb Code     4  stm32f0xx_gpio.o(i.GPIO_ResetBits)
    GPIO_SetBits                             0x0800066d   Thumb Code     4  stm32f0xx_gpio.o(i.GPIO_SetBits)
    LCD_DLY_ms                               0x08000671   Thumb Code    26  oled.o(i.LCD_DLY_ms)
    LCD_Fill                                 0x08000691   Thumb Code    54  oled.o(i.LCD_Fill)
    LCD_GPIO_cfg                             0x080006c9   Thumb Code    54  oled.o(i.LCD_GPIO_cfg)
    LCD_Init                                 0x08000709   Thumb Code   220  oled.o(i.LCD_Init)
    LCD_P16x16Str                            0x080007e9   Thumb Code   220  oled.o(i.LCD_P16x16Str)
    LCD_P6x8Str                              0x080008c5   Thumb Code    80  oled.o(i.LCD_P6x8Str)
    LCD_P8x16Str                             0x08000915   Thumb Code   108  oled.o(i.LCD_P8x16Str)
    LCD_Print                                0x08000981   Thumb Code   118  oled.o(i.LCD_Print)
    LCD_Set_Pos                              0x08000a05   Thumb Code    36  oled.o(i.LCD_Set_Pos)
    LCD_WrCmd                                0x08000a29   Thumb Code    84  oled.o(i.LCD_WrCmd)
    LCD_WrDat                                0x08000a81   Thumb Code    84  oled.o(i.LCD_WrDat)
    Modbus_03_Solve                          0x08000ad9   Thumb Code   120  mb.o(i.Modbus_03_Solve)
    Modbus_06_Solve                          0x08000b5d   Thumb Code   112  mb.o(i.Modbus_06_Solve)
    Modbus_16_Solve                          0x08000bd9   Thumb Code   124  mb.o(i.Modbus_16_Solve)
    NVIC_Init                                0x08000c61   Thumb Code    70  stm32f0xx_misc.o(i.NVIC_Init)
    NVIC_cfg                                 0x08000cb1   Thumb Code    86  user_init.o(i.NVIC_cfg)
    RCC_AHBPeriphClockCmd                    0x08000d0d   Thumb Code    18  stm32f0xx_rcc.o(i.RCC_AHBPeriphClockCmd)
    RCC_APB1PeriphClockCmd                   0x08000d25   Thumb Code    18  stm32f0xx_rcc.o(i.RCC_APB1PeriphClockCmd)
    RCC_APB2PeriphClockCmd                   0x08000d3d   Thumb Code    18  stm32f0xx_rcc.o(i.RCC_APB2PeriphClockCmd)
    RCC_GetClocksFreq                        0x08000d55   Thumb Code   346  stm32f0xx_rcc.o(i.RCC_GetClocksFreq)
    RCC_HCLKConfig                           0x08000ecd   Thumb Code    14  stm32f0xx_rcc.o(i.RCC_HCLKConfig)
    RCC_HSEConfig                            0x08000ee1   Thumb Code    10  stm32f0xx_rcc.o(i.RCC_HSEConfig)
    RCC_PCLKConfig                           0x08000ef1   Thumb Code    16  stm32f0xx_rcc.o(i.RCC_PCLKConfig)
    RCC_PLLCmd                               0x08000f05   Thumb Code    22  stm32f0xx_rcc.o(i.RCC_PLLCmd)
    RCC_PLLConfig                            0x08000f21   Thumb Code    24  stm32f0xx_rcc.o(i.RCC_PLLConfig)
    RCC_SYSCLKConfig                         0x08000f3d   Thumb Code    14  stm32f0xx_rcc.o(i.RCC_SYSCLKConfig)
    RCC_cfg                                  0x08000f51   Thumb Code    70  user_init.o(i.RCC_cfg)
    SHT3X_GetTempAndHumi                     0x08001019   Thumb Code    32  sht3x.o(i.SHT3X_GetTempAndHumi)
    SHT3X_GetTempAndHumiClkStretch           0x08001039   Thumb Code   124  sht3x.o(i.SHT3X_GetTempAndHumiClkStretch)
    SHT3X_GetTempAndHumiPolling              0x080010b9   Thumb Code   164  sht3x.o(i.SHT3X_GetTempAndHumiPolling)
    SHT3X_ReadStatus                         0x080011b1   Thumb Code    50  sht3x.o(i.SHT3X_ReadStatus)
    SHT3X_SetI2cAdr                          0x080011e9   Thumb Code     6  sht3x.o(i.SHT3X_SetI2cAdr)
    SystemInit                               0x0800126f   Thumb Code     2  user.o(i.SystemInit)
    TIM16_IRQHandler                         0x08001271   Thumb Code    38  mbport.o(i.TIM16_IRQHandler)
    TIM17_IRQHandler                         0x0800129d   Thumb Code    32  metronome.o(i.TIM17_IRQHandler)
    TIM_ARRPreloadConfig                     0x080012c5   Thumb Code    18  stm32f0xx_tim.o(i.TIM_ARRPreloadConfig)
    TIM_ClearITPendingBit                    0x080012d7   Thumb Code     6  stm32f0xx_tim.o(i.TIM_ClearITPendingBit)
    TIM_Cmd                                  0x080012dd   Thumb Code    20  stm32f0xx_tim.o(i.TIM_Cmd)
    TIM_GetITStatus                          0x080012f1   Thumb Code    24  stm32f0xx_tim.o(i.TIM_GetITStatus)
    TIM_ITConfig                             0x08001309   Thumb Code    16  stm32f0xx_tim.o(i.TIM_ITConfig)
    TIM_SetCounter                           0x08001319   Thumb Code     4  stm32f0xx_tim.o(i.TIM_SetCounter)
    TIM_TimeBaseInit                         0x0800131d   Thumb Code    88  stm32f0xx_tim.o(i.TIM_TimeBaseInit)
    USART1_IRQHandler                        0x08001391   Thumb Code    58  mbport.o(i.USART1_IRQHandler)
    USART_ClearFlag                          0x080013d9   Thumb Code     4  stm32f0xx_usart.o(i.USART_ClearFlag)
    USART_ClearITPendingBit                  0x080013dd   Thumb Code    10  stm32f0xx_usart.o(i.USART_ClearITPendingBit)
    USART_Cmd                                0x080013e7   Thumb Code    20  stm32f0xx_usart.o(i.USART_Cmd)
    USART_GetFlagStatus                      0x080013fb   Thumb Code    14  stm32f0xx_usart.o(i.USART_GetFlagStatus)
    USART_GetITStatus                        0x08001409   Thumb Code    56  stm32f0xx_usart.o(i.USART_GetITStatus)
    USART_ITConfig                           0x08001441   Thumb Code    42  stm32f0xx_usart.o(i.USART_ITConfig)
    USART_Init                               0x0800146d   Thumb Code   148  stm32f0xx_usart.o(i.USART_Init)
    USART_ReceiveData                        0x08001515   Thumb Code     8  stm32f0xx_usart.o(i.USART_ReceiveData)
    USART_SendData                           0x0800151d   Thumb Code     8  stm32f0xx_usart.o(i.USART_SendData)
    delay_us                                 0x08001525   Thumb Code    26  i2c_emu.o(i.delay_us)
    disp_conv                                0x08001541   Thumb Code   776  disp_init.o(i.disp_conv)
    getCRC16                                 0x08001855   Thumb Code    42  mbcrc.o(i.getCRC16)
    i2c2_GPIO_cfg                            0x08001885   Thumb Code    30  i2c_emu2.o(i.i2c2_GPIO_cfg)
    i2c2_ack                                 0x080018a9   Thumb Code    72  i2c_emu2.o(i.i2c2_ack)
    i2c2_noack                               0x080018f1   Thumb Code    64  i2c_emu2.o(i.i2c2_noack)
    i2c2_read_byte                           0x08001931   Thumb Code    78  i2c_emu2.o(i.i2c2_read_byte)
    i2c2_start                               0x0800197f   Thumb Code    44  i2c_emu2.o(i.i2c2_start)
    i2c2_stop                                0x080019ab   Thumb Code    44  i2c_emu2.o(i.i2c2_stop)
    i2c2_waitack                             0x080019d7   Thumb Code    70  i2c_emu2.o(i.i2c2_waitack)
    i2c2_write_byte                          0x08001a1d   Thumb Code    88  i2c_emu2.o(i.i2c2_write_byte)
    i2c_GPIO_cfg                             0x08001a75   Thumb Code    34  i2c_emu.o(i.i2c_GPIO_cfg)
    i2c_ack                                  0x08001a9d   Thumb Code    78  i2c_emu.o(i.i2c_ack)
    i2c_noack                                0x08001aeb   Thumb Code    68  i2c_emu.o(i.i2c_noack)
    i2c_read_byte                            0x08001b2f   Thumb Code    86  i2c_emu.o(i.i2c_read_byte)
    i2c_start                                0x08001b85   Thumb Code    48  i2c_emu.o(i.i2c_start)
    i2c_stop                                 0x08001bb5   Thumb Code    48  i2c_emu.o(i.i2c_stop)
    i2c_waitack                              0x08001be5   Thumb Code    76  i2c_emu.o(i.i2c_waitack)
    i2c_write_byte                           0x08001c31   Thumb Code    88  i2c_emu.o(i.i2c_write_byte)
    main                                     0x08001c8d   Thumb Code   288  user.o(i.main)
    mbRcvComplete                            0x08001dd5   Thumb Code     8  mb.o(i.mbRcvComplete)
    mbRcvProcess                             0x08001de1   Thumb Code    26  mb.o(i.mbRcvProcess)
    mbRegHolding                             0x08001e05   Thumb Code    90  user.o(i.mbRegHolding)
    mb_SendData                              0x08001e69   Thumb Code    66  mbport.o(i.mb_SendData)
    mb_Service                               0x08001eb5   Thumb Code   188  mb.o(i.mb_Service)
    mb_TIM16_cfg                             0x08001f7d   Thumb Code    48  mbport.o(i.mb_TIM16_cfg)
    mb_USART_cfg                             0x08001fb9   Thumb Code    62  mbport.o(i.mb_USART_cfg)
    mb_receiveData                           0x08002005   Thumb Code    14  mbport.o(i.mb_receiveData)
    mtn_TIM17_cfg                            0x08002019   Thumb Code    56  metronome.o(i.mtn_TIM17_cfg)
    read_module                              0x08002061   Thumb Code   306  commu.o(i.read_module)
    saveT_H                                  0x08002195   Thumb Code    38  user.o(i.saveT_H)
    send_T_H                                 0x080021c1   Thumb Code   122  commu.o(i.send_T_H)
    setMBAddr                                0x0800223d   Thumb Code     6  mb.o(i.setMBAddr)
    time2tell                                0x08002249   Thumb Code    20  metronome.o(i.time2tell)
    usart1_GPIO_cfg                          0x08002261   Thumb Code    54  mbport.o(i.usart1_GPIO_cfg)
    __aeabi_fadd                             0x0800229d   Thumb Code     0  faddsub.o(x$fpl$fadd)
    _fadd                                    0x0800229d   Thumb Code   134  faddsub.o(x$fpl$fadd)
    __aeabi_fmul                             0x08002329   Thumb Code     0  fmul.o(x$fpl$fmul)
    _fmul                                    0x08002329   Thumb Code   172  fmul.o(x$fpl$fmul)
    __aeabi_frsub                            0x080023d9   Thumb Code     0  faddsub.o(x$fpl$frsb)
    _frsb                                    0x080023d9   Thumb Code    24  faddsub.o(x$fpl$frsb)
    __aeabi_fsub                             0x080023f1   Thumb Code     0  faddsub.o(x$fpl$fsub)
    _fsub                                    0x080023f1   Thumb Code   204  faddsub.o(x$fpl$fsub)
    __I$use$fp                               0x080024c0   Number         0  usenofp.o(x$fpl$usenofp)
    F6x8                                     0x080026d0   Data         552  oled.o(.constdata)
    F16x16_Idx                               0x080028f8   Data          41  oled.o(.constdata)
    F16x16                                   0x08002921   Data         640  oled.o(.constdata)
    F8X16                                    0x08002ba1   Data        1520  oled.o(.constdata)
    Region$$Table$$Base                      0x080031d4   Number         0  anon$$obj.o(Region$$Table)
    Region$$Table$$Limit                     0x080031f4   Number         0  anon$$obj.o(Region$$Table)
    startRegAddr                             0x20000006   Data           2  mb.o(.data)
    RegNum                                   0x20000008   Data           2  mb.o(.data)
    calCRC                                   0x2000000a   Data           2  mb.o(.data)
    sht_buf                                  0x200002b0   Data          16  user.o(.bss)
    __libspace_start                         0x200002cc   Data          96  libspace.o(.bss)
    __temporary_stack_top$libspace           0x2000032c   Data           0  libspace.o(.bss)



==============================================================================

Memory Map of the image

  Image Entry point : 0x08000159

  Load Region LR_1 (Base: 0x08000000, Size: 0x00003240, Max: 0xffffffff, ABSOLUTE)

    Execution Region ER_RO (Base: 0x08000000, Size: 0x000031f4, Max: 0xffffffff, ABSOLUTE)

    Base Addr    Size         Type   Attr      Idx    E Section Name        Object

    0x08000000   0x000000b4   Data   RO            3    RESET               startup_stm32f030.o
    0x080000b4   0x00000008   Code   RO         4438  * !!!main             c_p.l(__main.o)
    0x080000bc   0x0000003c   Code   RO         4625    !!!scatter          c_p.l(__scatter.o)
    0x080000f8   0x0000001a   Code   RO         4627    !!handler_copy      c_p.l(__scatter_copy.o)
    0x08000112   0x00000002   PAD
    0x08000114   0x0000001c   Code   RO         4629    !!handler_zi        c_p.l(__scatter_zi.o)
    0x08000130   0x00000002   Code   RO         4494    .ARM.Collect$$libinit$$00000000  c_p.l(libinit.o)
    0x08000132   0x00000000   Code   RO         4508    .ARM.Collect$$libinit$$00000002  c_p.l(libinit2.o)
    0x08000132   0x00000000   Code   RO         4510    .ARM.Collect$$libinit$$00000004  c_p.l(libinit2.o)
    0x08000132   0x00000000   Code   RO         4513    .ARM.Collect$$libinit$$0000000A  c_p.l(libinit2.o)
    0x08000132   0x00000000   Code   RO         4515    .ARM.Collect$$libinit$$0000000C  c_p.l(libinit2.o)
    0x08000132   0x00000000   Code   RO         4517    .ARM.Collect$$libinit$$0000000E  c_p.l(libinit2.o)
    0x08000132   0x00000000   Code   RO         4520    .ARM.Collect$$libinit$$00000011  c_p.l(libinit2.o)
    0x08000132   0x00000000   Code   RO         4522    .ARM.Collect$$libinit$$00000013  c_p.l(libinit2.o)
    0x08000132   0x00000000   Code   RO         4524    .ARM.Collect$$libinit$$00000015  c_p.l(libinit2.o)
    0x08000132   0x00000000   Code   RO         4526    .ARM.Collect$$libinit$$00000017  c_p.l(libinit2.o)
    0x08000132   0x00000000   Code   RO         4528    .ARM.Collect$$libinit$$00000019  c_p.l(libinit2.o)
    0x08000132   0x00000000   Code   RO         4530    .ARM.Collect$$libinit$$0000001B  c_p.l(libinit2.o)
    0x08000132   0x00000000   Code   RO         4532    .ARM.Collect$$libinit$$0000001D  c_p.l(libinit2.o)
    0x08000132   0x00000000   Code   RO         4534    .ARM.Collect$$libinit$$0000001F  c_p.l(libinit2.o)
    0x08000132   0x00000000   Code   RO         4536    .ARM.Collect$$libinit$$00000021  c_p.l(libinit2.o)
    0x08000132   0x00000000   Code   RO         4538    .ARM.Collect$$libinit$$00000023  c_p.l(libinit2.o)
    0x08000132   0x00000000   Code   RO         4540    .ARM.Collect$$libinit$$00000025  c_p.l(libinit2.o)
    0x08000132   0x00000000   Code   RO         4544    .ARM.Collect$$libinit$$0000002C  c_p.l(libinit2.o)
    0x08000132   0x00000000   Code   RO         4546    .ARM.Collect$$libinit$$0000002E  c_p.l(libinit2.o)
    0x08000132   0x00000000   Code   RO         4548    .ARM.Collect$$libinit$$00000030  c_p.l(libinit2.o)
    0x08000132   0x00000000   Code   RO         4550    .ARM.Collect$$libinit$$00000032  c_p.l(libinit2.o)
    0x08000132   0x00000002   Code   RO         4551    .ARM.Collect$$libinit$$00000033  c_p.l(libinit2.o)
    0x08000134   0x00000002   Code   RO         4582    .ARM.Collect$$libshutdown$$00000000  c_p.l(libshutdown.o)
    0x08000136   0x00000000   Code   RO         4608    .ARM.Collect$$libshutdown$$00000002  c_p.l(libshutdown2.o)
    0x08000136   0x00000000   Code   RO         4610    .ARM.Collect$$libshutdown$$00000004  c_p.l(libshutdown2.o)
    0x08000136   0x00000000   Code   RO         4613    .ARM.Collect$$libshutdown$$00000007  c_p.l(libshutdown2.o)
    0x08000136   0x00000000   Code   RO         4616    .ARM.Collect$$libshutdown$$0000000A  c_p.l(libshutdown2.o)
    0x08000136   0x00000000   Code   RO         4618    .ARM.Collect$$libshutdown$$0000000C  c_p.l(libshutdown2.o)
    0x08000136   0x00000000   Code   RO         4621    .ARM.Collect$$libshutdown$$0000000F  c_p.l(libshutdown2.o)
    0x08000136   0x00000002   Code   RO         4622    .ARM.Collect$$libshutdown$$00000010  c_p.l(libshutdown2.o)
    0x08000138   0x00000000   Code   RO         4457    .ARM.Collect$$rtentry$$00000000  c_p.l(__rtentry.o)
    0x08000138   0x00000000   Code   RO         4464    .ARM.Collect$$rtentry$$00000002  c_p.l(__rtentry2.o)
    0x08000138   0x00000006   Code   RO         4476    .ARM.Collect$$rtentry$$00000004  c_p.l(__rtentry4.o)
    0x0800013e   0x00000000   Code   RO         4466    .ARM.Collect$$rtentry$$00000009  c_p.l(__rtentry2.o)
    0x0800013e   0x00000004   Code   RO         4467    .ARM.Collect$$rtentry$$0000000A  c_p.l(__rtentry2.o)
    0x08000142   0x00000000   Code   RO         4469    .ARM.Collect$$rtentry$$0000000C  c_p.l(__rtentry2.o)
    0x08000142   0x00000008   Code   RO         4470    .ARM.Collect$$rtentry$$0000000D  c_p.l(__rtentry2.o)
    0x0800014a   0x00000002   Code   RO         4499    .ARM.Collect$$rtexit$$00000000  c_p.l(rtexit.o)
    0x0800014c   0x00000000   Code   RO         4555    .ARM.Collect$$rtexit$$00000002  c_p.l(rtexit2.o)
    0x0800014c   0x00000004   Code   RO         4556    .ARM.Collect$$rtexit$$00000003  c_p.l(rtexit2.o)
    0x08000150   0x00000006   Code   RO         4557    .ARM.Collect$$rtexit$$00000004  c_p.l(rtexit2.o)
    0x08000156   0x00000002   PAD
    0x08000158   0x00000074   Code   RO            4  * .text               startup_stm32f030.o
    0x080001cc   0x0000015a   Code   RO         4432    .text               c_p.l(aeabi_sdiv.o)
    0x08000326   0x00000006   Code   RO         4436    .text               c_p.l(heapauxi.o)
    0x0800032c   0x00000160   Code   RO         4446    .text               fz_ps.l(fdiv.o)
    0x0800048c   0x0000004c   Code   RO         4449    .text               fz_ps.l(ffixi.o)
    0x080004d8   0x00000030   Code   RO         4451    .text               fz_ps.l(ffixui.o)
    0x08000508   0x0000005e   Code   RO         4453    .text               fz_ps.l(fflti.o)
    0x08000566   0x0000003e   Code   RO         4480    .text               c_p.l(sys_stackheap_outer.o)
    0x080005a4   0x00000010   Code   RO         4483    .text               c_p.l(exit.o)
    0x080005b4   0x00000008   Code   RO         4495    .text               c_p.l(libspace.o)
    0x080005bc   0x0000000c   Code   RO         4552    .text               c_p.l(sys_exit.o)
    0x080005c8   0x00000002   Code   RO         4571    .text               c_p.l(use_no_semi.o)
    0x080005ca   0x00000000   Code   RO         4573    .text               c_p.l(indicate_semi.o)
    0x080005ca   0x00000070   Code   RO         2119    i.GPIO_Init         stm32f0xx_gpio.o
    0x0800063a   0x00000020   Code   RO         2120    i.GPIO_PinAFConfig  stm32f0xx_gpio.o
    0x0800065a   0x0000000e   Code   RO         2123    i.GPIO_ReadInputDataBit  stm32f0xx_gpio.o
    0x08000668   0x00000004   Code   RO         2126    i.GPIO_ResetBits    stm32f0xx_gpio.o
    0x0800066c   0x00000004   Code   RO         2127    i.GPIO_SetBits      stm32f0xx_gpio.o
    0x08000670   0x00000020   Code   RO          349    i.LCD_DLY_ms        oled.o
    0x08000690   0x00000036   Code   RO          350    i.LCD_Fill          oled.o
    0x080006c6   0x00000002   PAD
    0x080006c8   0x00000040   Code   RO          351    i.LCD_GPIO_cfg      oled.o
    0x08000708   0x000000e0   Code   RO          352    i.LCD_Init          oled.o
    0x080007e8   0x000000dc   Code   RO          354    i.LCD_P16x16Str     oled.o
    0x080008c4   0x00000050   Code   RO          355    i.LCD_P6x8Str       oled.o
    0x08000914   0x0000006c   Code   RO          356    i.LCD_P8x16Str      oled.o
    0x08000980   0x00000084   Code   RO          357    i.LCD_Print         oled.o
    0x08000a04   0x00000024   Code   RO          361    i.LCD_Set_Pos       oled.o
    0x08000a28   0x00000058   Code   RO          362    i.LCD_WrCmd         oled.o
    0x08000a80   0x00000058   Code   RO          363    i.LCD_WrDat         oled.o
    0x08000ad8   0x00000084   Code   RO           28    i.Modbus_03_Solve   mb.o
    0x08000b5c   0x0000007c   Code   RO           29    i.Modbus_06_Solve   mb.o
    0x08000bd8   0x00000088   Code   RO           30    i.Modbus_16_Solve   mb.o
    0x08000c60   0x00000050   Code   RO         2535    i.NVIC_Init         stm32f0xx_misc.o
    0x08000cb0   0x0000005c   Code   RO          282    i.NVIC_cfg          user_init.o
    0x08000d0c   0x00000018   Code   RO         2642    i.RCC_AHBPeriphClockCmd  stm32f0xx_rcc.o
    0x08000d24   0x00000018   Code   RO         2644    i.RCC_APB1PeriphClockCmd  stm32f0xx_rcc.o
    0x08000d3c   0x00000018   Code   RO         2646    i.RCC_APB2PeriphClockCmd  stm32f0xx_rcc.o
    0x08000d54   0x00000178   Code   RO         2656    i.RCC_GetClocksFreq  stm32f0xx_rcc.o
    0x08000ecc   0x00000014   Code   RO         2660    i.RCC_HCLKConfig    stm32f0xx_rcc.o
    0x08000ee0   0x00000010   Code   RO         2661    i.RCC_HSEConfig     stm32f0xx_rcc.o
    0x08000ef0   0x00000014   Code   RO         2672    i.RCC_PCLKConfig    stm32f0xx_rcc.o
    0x08000f04   0x0000001c   Code   RO         2673    i.RCC_PLLCmd        stm32f0xx_rcc.o
    0x08000f20   0x0000001c   Code   RO         2674    i.RCC_PLLConfig     stm32f0xx_rcc.o
    0x08000f3c   0x00000014   Code   RO         2678    i.RCC_SYSCLKConfig  stm32f0xx_rcc.o
    0x08000f50   0x00000050   Code   RO          283    i.RCC_cfg           user_init.o
    0x08000fa0   0x00000034   Code   RO          661    i.SHT3X_CalcCrc     sht3x.o
    0x08000fd4   0x0000001c   Code   RO          662    i.SHT3X_CalcHumidity  sht3x.o
    0x08000ff0   0x00000028   Code   RO          663    i.SHT3X_CalcTemperature  sht3x.o
    0x08001018   0x00000020   Code   RO          668    i.SHT3X_GetTempAndHumi  sht3x.o
    0x08001038   0x00000080   Code   RO          669    i.SHT3X_GetTempAndHumiClkStretch  sht3x.o
    0x080010b8   0x000000a8   Code   RO          670    i.SHT3X_GetTempAndHumiPolling  sht3x.o
    0x08001160   0x0000004e   Code   RO          672    i.SHT3X_Read2BytesAndCrc  sht3x.o
    0x080011ae   0x00000002   PAD
    0x080011b0   0x00000038   Code   RO          676    i.SHT3X_ReadStatus  sht3x.o
    0x080011e8   0x0000000c   Code   RO          678    i.SHT3X_SetI2cAdr   sht3x.o
    0x080011f4   0x00000028   Code   RO          681    i.SHT3X_StartReadAccess  sht3x.o
    0x0800121c   0x00000028   Code   RO          682    i.SHT3X_StartWriteAccess  sht3x.o
    0x08001244   0x0000002a   Code   RO          684    i.SHT3X_WriteCommand  sht3x.o
    0x0800126e   0x00000002   Code   RO          223    i.SystemInit        user.o
    0x08001270   0x0000002c   Code   RO           88    i.TIM16_IRQHandler  mbport.o
    0x0800129c   0x00000028   Code   RO          310    i.TIM17_IRQHandler  metronome.o
    0x080012c4   0x00000012   Code   RO         3509    i.TIM_ARRPreloadConfig  stm32f0xx_tim.o
    0x080012d6   0x00000006   Code   RO         3516    i.TIM_ClearITPendingBit  stm32f0xx_tim.o
    0x080012dc   0x00000014   Code   RO         3521    i.TIM_Cmd           stm32f0xx_tim.o
    0x080012f0   0x00000018   Code   RO         3542    i.TIM_GetITStatus   stm32f0xx_tim.o
    0x08001308   0x00000010   Code   RO         3546    i.TIM_ITConfig      stm32f0xx_tim.o
    0x08001318   0x00000004   Code   RO         3588    i.TIM_SetCounter    stm32f0xx_tim.o
    0x0800131c   0x00000074   Code   RO         3594    i.TIM_TimeBaseInit  stm32f0xx_tim.o
    0x08001390   0x00000048   Code   RO           89    i.USART1_IRQHandler  mbport.o
    0x080013d8   0x00000004   Code   RO         4063    i.USART_ClearFlag   stm32f0xx_usart.o
    0x080013dc   0x0000000a   Code   RO         4064    i.USART_ClearITPendingBit  stm32f0xx_usart.o
    0x080013e6   0x00000014   Code   RO         4067    i.USART_Cmd         stm32f0xx_usart.o
    0x080013fa   0x0000000e   Code   RO         4075    i.USART_GetFlagStatus  stm32f0xx_usart.o
    0x08001408   0x00000038   Code   RO         4076    i.USART_GetITStatus  stm32f0xx_usart.o
    0x08001440   0x0000002a   Code   RO         4078    i.USART_ITConfig    stm32f0xx_usart.o
    0x0800146a   0x00000002   PAD
    0x0800146c   0x000000a8   Code   RO         4079    i.USART_Init        stm32f0xx_usart.o
    0x08001514   0x00000008   Code   RO         4091    i.USART_ReceiveData  stm32f0xx_usart.o
    0x0800151c   0x00000008   Code   RO         4096    i.USART_SendData    stm32f0xx_usart.o
    0x08001524   0x0000001a   Code   RO          489    i.delay_us          i2c_emu.o
    0x0800153e   0x00000002   PAD
    0x08001540   0x00000314   Code   RO          475    i.disp_conv         disp_init.o
    0x08001854   0x00000030   Code   RO           10    i.getCRC16          mbcrc.o
    0x08001884   0x00000024   Code   RO          571    i.i2c2_GPIO_cfg     i2c_emu2.o
    0x080018a8   0x00000048   Code   RO          572    i.i2c2_ack          i2c_emu2.o
    0x080018f0   0x00000040   Code   RO          573    i.i2c2_noack        i2c_emu2.o
    0x08001930   0x0000004e   Code   RO          574    i.i2c2_read_byte    i2c_emu2.o
    0x0800197e   0x0000002c   Code   RO          575    i.i2c2_start        i2c_emu2.o
    0x080019aa   0x0000002c   Code   RO          576    i.i2c2_stop         i2c_emu2.o
    0x080019d6   0x00000046   Code   RO          577    i.i2c2_waitack      i2c_emu2.o
    0x08001a1c   0x00000058   Code   RO          578    i.i2c2_write_byte   i2c_emu2.o
    0x08001a74   0x00000028   Code   RO          490    i.i2c_GPIO_cfg      i2c_emu.o
    0x08001a9c   0x0000004e   Code   RO          493    i.i2c_ack           i2c_emu.o
    0x08001aea   0x00000044   Code   RO          494    i.i2c_noack         i2c_emu.o
    0x08001b2e   0x00000056   Code   RO          495    i.i2c_read_byte     i2c_emu.o
    0x08001b84   0x00000030   Code   RO          496    i.i2c_start         i2c_emu.o
    0x08001bb4   0x00000030   Code   RO          497    i.i2c_stop          i2c_emu.o
    0x08001be4   0x0000004c   Code   RO          498    i.i2c_waitack       i2c_emu.o
    0x08001c30   0x0000005c   Code   RO          499    i.i2c_write_byte    i2c_emu.o
    0x08001c8c   0x00000148   Code   RO          224    i.main              user.o
    0x08001dd4   0x0000000c   Code   RO           31    i.mbRcvComplete     mb.o
    0x08001de0   0x00000024   Code   RO           32    i.mbRcvProcess      mb.o
    0x08001e04   0x00000064   Code   RO          225    i.mbRegHolding      user.o
    0x08001e68   0x0000004c   Code   RO           91    i.mb_SendData       mbport.o
    0x08001eb4   0x000000c8   Code   RO           33    i.mb_Service        mb.o
    0x08001f7c   0x0000003c   Code   RO           92    i.mb_TIM16_cfg      mbport.o
    0x08001fb8   0x0000004c   Code   RO           93    i.mb_USART_cfg      mbport.o
    0x08002004   0x00000014   Code   RO           94    i.mb_receiveData    mbport.o
    0x08002018   0x00000048   Code   RO          311    i.mtn_TIM17_cfg     metronome.o
    0x08002060   0x00000132   Code   RO          635    i.read_module       commu.o
    0x08002192   0x00000002   PAD
    0x08002194   0x0000002c   Code   RO          226    i.saveT_H           user.o
    0x080021c0   0x0000007a   Code   RO          636    i.send_T_H          commu.o
    0x0800223a   0x00000002   PAD
    0x0800223c   0x0000000c   Code   RO           34    i.setMBAddr         mb.o
    0x08002248   0x00000018   Code   RO          312    i.time2tell         metronome.o
    0x08002260   0x0000003c   Code   RO           95    i.usart1_GPIO_cfg   mbport.o
    0x0800229c   0x0000008c   Code   RO         4440    x$fpl$fadd          fz_ps.l(faddsub.o)
    0x08002328   0x000000b0   Code   RO         4455    x$fpl$fmul          fz_ps.l(fmul.o)
    0x080023d8   0x00000018   Code   RO         4441    x$fpl$frsb          fz_ps.l(faddsub.o)
    0x080023f0   0x000000d0   Code   RO         4442    x$fpl$fsub          fz_ps.l(faddsub.o)
    0x080024c0   0x00000000   Code   RO         4462    x$fpl$usenofp       fz_ps.l(usenofp.o)
    0x080024c0   0x00000200   Data   RO           11    .constdata          mbcrc.o
    0x080026c0   0x00000010   Data   RO          229    .constdata          user.o
    0x080026d0   0x00000ac1   Data   RO          364    .constdata          oled.o
    0x08003191   0x00000040   Data   RO         4447    .constdata          fz_ps.l(fdiv.o)
    0x080031d1   0x00000003   PAD
    0x080031d4   0x00000020   Data   RO         4623    Region$$Table       anon$$obj.o


    Execution Region ER_RW (Base: 0x20000000, Size: 0x0000004c, Max: 0xffffffff, ABSOLUTE)

    Base Addr    Size         Type   Attr      Idx    E Section Name        Object

    0x20000000   0x0000000c   Data   RW           36    .data               mb.o
    0x2000000c   0x0000000c   Data   RW           97    .data               mbport.o
    0x20000018   0x00000004   Data   RW          230    .data               user.o
    0x2000001c   0x00000003   Data   RW          284    .data               user_init.o
    0x2000001f   0x00000001   Data   RW          314    .data               metronome.o
    0x20000020   0x00000008   Data   RW          366    .data               oled.o
    0x20000028   0x00000008   Data   RW          500    .data               i2c_emu.o
    0x20000030   0x00000008   Data   RW          579    .data               i2c_emu2.o
    0x20000038   0x00000001   Data   RW          686    .data               sht3x.o
    0x20000039   0x00000010   Data   RW         2682    .data               stm32f0xx_rcc.o


    Execution Region ER_ZI (Base: 0x2000004c, Size: 0x000008e4, Max: 0xffffffff, ABSOLUTE)

    Base Addr    Size         Type   Attr      Idx    E Section Name        Object

    0x2000004c   0x00000200   Zero   RW           35    .bss                mb.o
    0x2000024c   0x00000024   Zero   RW           96    .bss                mbport.o
    0x20000270   0x00000050   Zero   RW          227    .bss                user.o
    0x200002c0   0x0000000c   Zero   RW          313    .bss                metronome.o
    0x200002cc   0x00000060   Zero   RW         4496    .bss                c_p.l(libspace.o)
    0x2000032c   0x00000004   PAD
    0x20000330   0x00000200   Zero   RW            2    HEAP                startup_stm32f030.o
    0x20000530   0x00000400   Zero   RW            1    STACK               startup_stm32f030.o


==============================================================================

Image component sizes


      Code (inc. data)   RO Data    RW Data    ZI Data      Debug   Object Name

       428          0          0          0          0       1461   commu.o
       788         12          0          0          0       1864   disp_init.o
       562         10          0          8          0       4914   i2c_emu.o
       496          6          0          8          0       3935   i2c_emu2.o
       652         68          0         12        512       4451   mb.o
        48          6        512          0          0       5611   mbcrc.o
       408         68          0         12         36     212950   mbport.o
       136         28          0          1         12       1547   metronome.o
      1126         42       2753          8          0       8234   oled.o
       716         52          0          1          0       8315   sht3x.o
       116         56        180          0       1536        824   startup_stm32f030.o
         0          0          0          0          0     158784   stm32f0xx_adc.o
       166          0          0          0          0       3999   stm32f0xx_gpio.o
        80         10          0          0          0       1168   stm32f0xx_misc.o
       580         80          0         16          0       7752   stm32f0xx_rcc.o
       204         28          0          0          0       6257   stm32f0xx_tim.o
       330         20          0          0          0       7501   stm32f0xx_usart.o
       474         56         16          4         80       5721   user.o
       172         16          0          3          0       1105   user_init.o

    ----------------------------------------------------------------------
      7494        558       3493         76       2176     446393   Object Totals
         0          0         32          0          0          0   (incl. Generated)
        12          0          0          3          0          0   (incl. Padding)

    ----------------------------------------------------------------------

      Code (inc. data)   RO Data    RW Data    ZI Data      Debug   Library Member Name

         8          0          0          0          0         68   __main.o
         0          0          0          0          0          0   __rtentry.o
        12          0          0          0          0          0   __rtentry2.o
         6          0          0          0          0          0   __rtentry4.o
        60          8          0          0          0          0   __scatter.o
        26          0          0          0          0          0   __scatter_copy.o
        28          0          0          0          0          0   __scatter_zi.o
       346          0          0          0          0         92   aeabi_sdiv.o
        16          0          0          0          0         68   exit.o
         6          0          0          0          0        136   heapauxi.o
         0          0          0          0          0          0   indicate_semi.o
         2          0          0          0          0          0   libinit.o
         2          0          0          0          0          0   libinit2.o
         2          0          0          0          0          0   libshutdown.o
         2          0          0          0          0          0   libshutdown2.o
         8          4          0          0         96         68   libspace.o
         2          0          0          0          0          0   rtexit.o
        10          0          0          0          0          0   rtexit2.o
        12          4          0          0          0         60   sys_exit.o
        62          0          0          0          0         80   sys_stackheap_outer.o
         2          0          0          0          0         68   use_no_semi.o
       372          8          0          0          0        240   faddsub.o
       352         10         64          0          0         92   fdiv.o
        76          0          0          0          0         68   ffixi.o
        48          0          0          0          0         60   ffixui.o
        94          0          0          0          0         92   fflti.o
       176          4          0          0          0         80   fmul.o
         0          0          0          0          0          0   usenofp.o

    ----------------------------------------------------------------------
      1734         38         67          0        100       1272   Library Totals
         4          0          3          0          4          0   (incl. Padding)

    ----------------------------------------------------------------------

      Code (inc. data)   RO Data    RW Data    ZI Data      Debug   Library Name

       612         16          0          0         96        640   c_p.l
      1118         22         64          0          0        632   fz_ps.l

    ----------------------------------------------------------------------
      1734         38         67          0        100       1272   Library Totals

    ----------------------------------------------------------------------

==============================================================================


      Code (inc. data)   RO Data    RW Data    ZI Data      Debug   

      9228        596       3560         76       2276     442957   Grand Totals
      9228        596       3560         76       2276     442957   ELF Image Totals
      9228        596       3560         76          0          0   ROM Totals

==============================================================================

    Total RO  Size (Code + RO Data)                12788 (  12.49kB)
    Total RW  Size (RW Data + ZI Data)              2352 (   2.30kB)
    Total ROM Size (Code + RO Data + RW Data)      12864 (  12.56kB)

==============================================================================

